---
http_interactions:
- request:
    method: post
    uri: https://api.stripe.com/v1/prices
    body:
      encoding: UTF-8
      string: unit_amount=2000&currency=usd&recurring[interval]=month&product=prod_TfaLmNLcwmHWGL
    headers:
      User-Agent:
      - Stripe/v1 RubyBindings/17.2.0
      Authorization:
      - "<STRIPE_API_KEY>"
      X-Stripe-Client-Telemetry:
      - '{"last_request_metrics":{"request_id":"req_7sXJldp2ZyfAOA","request_duration_ms":203}}'
      Idempotency-Key:
      - 1766671572-63e461a9-5612-4b88-8192-fdd0e117ae19
      Stripe-Version:
      - "<STRIPE_VERSION>"
      X-Stripe-Client-User-Agent:
      - '{"bindings_version":"17.2.0","lang":"ruby","lang_version":"3.4.7 p58 (2025-10-08)","platform":"arm64-darwin25","engine":"ruby","publisher":"stripe","uname":"Darwin
        Tundra.local 25.3.0 Darwin Kernel Version 25.3.0: Fri Dec  5 23:10:12 PST
        2025; root:xnu-12377.80.260.0.1~42/RELEASE_ARM64_T6020 arm64","hostname":"Tundra.local"}'
      Content-Type:
      - application/x-www-form-urlencoded
      Accept-Encoding:
      - gzip;q=1.0,deflate;q=0.6,identity;q=0.3
      Accept:
      - "*/*"
  response:
    status:
      code: 200
      message: OK
    headers:
      Server:
      - nginx
      Date:
      - Thu, 25 Dec 2025 14:06:13 GMT
      Content-Type:
      - application/json
      Content-Length:
      - '623'
      Connection:
      - keep-alive
      Access-Control-Allow-Credentials:
      - 'true'
      Access-Control-Allow-Methods:
      - GET, HEAD, PUT, PATCH, POST, DELETE
      Access-Control-Allow-Origin:
      - "*"
      Access-Control-Expose-Headers:
      - Request-Id, Stripe-Manage-Version, Stripe-Should-Retry, X-Stripe-External-Auth-Required,
        X-Stripe-Privileged-Session-Required
      Access-Control-Max-Age:
      - '300'
      Cache-Control:
      - no-cache, no-store
      Content-Security-Policy:
      - base-uri 'none'; default-src 'none'; form-action 'none'; frame-ancestors 'none';
        img-src 'self'; script-src 'self' 'report-sample'; style-src 'self'; worker-src
        'none'; upgrade-insecure-requests; report-uri https://q.stripe.com/csp-violation?q=myBr4yVD9-ZRxZW0S7_6GfhkaJ0VpGp-wQDODj79qY7k9o5an_-TDz6krHzeBHr9Yotjo-qxA8V3QbDr
      Idempotency-Key:
      - 1766671572-63e461a9-5612-4b88-8192-fdd0e117ae19
      Original-Request:
      - req_TsIDMHgwIkZdnN
      Stripe-Should-Retry:
      - 'false'
      Stripe-Version:
      - "<STRIPE_VERSION>"
      Vary:
      - Origin
      X-Stripe-Priority-Routing-Enabled:
      - 'true'
      X-Stripe-Routing-Context-Priority-Tier:
      - api-testmode
      X-Wc:
      - ABGHIJ
      Strict-Transport-Security:
      - max-age=63072000; includeSubDomains; preload
    body:
      encoding: UTF-8
      string: |-
        {
          "id": "price_1SiFBAH54PcLeqtYSaoMBfVf",
          "object": "price",
          "active": true,
          "billing_scheme": "per_unit",
          "created": 1766671572,
          "currency": "usd",
          "custom_unit_amount": null,
          "livemode": false,
          "lookup_key": null,
          "metadata": {},
          "nickname": null,
          "product": "prod_TfaLmNLcwmHWGL",
          "recurring": {
            "interval": "month",
            "interval_count": 1,
            "meter": null,
            "trial_period_days": null,
            "usage_type": "licensed"
          },
          "tax_behavior": "unspecified",
          "tiers_mode": null,
          "transform_quantity": null,
          "type": "recurring",
          "unit_amount": 2000,
          "unit_amount_decimal": "2000"
        }
  recorded_at: Thu, 25 Dec 2025 14:06:12 GMT
- request:
    method: post
    uri: https://api.stripe.com/v1/subscriptions
    body:
      encoding: UTF-8
      string: customer=cus_TfaLV1kl2FQHrL&items[0][price]=price_1SiFBAH54PcLeqtYSaoMBfVf
    headers:
      User-Agent:
      - Stripe/v1 RubyBindings/17.2.0
      Authorization:
      - "<STRIPE_API_KEY>"
      X-Stripe-Client-Telemetry:
      - '{"last_request_metrics":{"request_id":"req_TsIDMHgwIkZdnN","request_duration_ms":183}}'
      Idempotency-Key:
      - 1766671572-eed707e9-8537-42a7-b88b-13904bf78a58
      Stripe-Version:
      - "<STRIPE_VERSION>"
      X-Stripe-Client-User-Agent:
      - '{"bindings_version":"17.2.0","lang":"ruby","lang_version":"3.4.7 p58 (2025-10-08)","platform":"arm64-darwin25","engine":"ruby","publisher":"stripe","uname":"Darwin
        Tundra.local 25.3.0 Darwin Kernel Version 25.3.0: Fri Dec  5 23:10:12 PST
        2025; root:xnu-12377.80.260.0.1~42/RELEASE_ARM64_T6020 arm64","hostname":"Tundra.local"}'
      Content-Type:
      - application/x-www-form-urlencoded
      Accept-Encoding:
      - gzip;q=1.0,deflate;q=0.6,identity;q=0.3
      Accept:
      - "*/*"
  response:
    status:
      code: 200
      message: OK
    headers:
      Server:
      - nginx
      Date:
      - Thu, 25 Dec 2025 14:06:16 GMT
      Content-Type:
      - application/json
      Content-Length:
      - '4389'
      Connection:
      - keep-alive
      Access-Control-Allow-Credentials:
      - 'true'
      Access-Control-Allow-Methods:
      - GET, HEAD, PUT, PATCH, POST, DELETE
      Access-Control-Allow-Origin:
      - "*"
      Access-Control-Expose-Headers:
      - Request-Id, Stripe-Manage-Version, Stripe-Should-Retry, X-Stripe-External-Auth-Required,
        X-Stripe-Privileged-Session-Required
      Access-Control-Max-Age:
      - '300'
      Cache-Control:
      - no-cache, no-store
      Content-Security-Policy:
      - base-uri 'none'; default-src 'none'; form-action 'none'; frame-ancestors 'none';
        img-src 'self'; script-src 'self' 'report-sample'; style-src 'self'; worker-src
        'none'; upgrade-insecure-requests; report-uri https://q.stripe.com/csp-violation?q=myBr4yVD9-ZRxZW0S7_6GfhkaJ0VpGp-wQDODj79qY7k9o5an_-TDz6krHzeBHr9Yotjo-qxA8V3QbDr
      Idempotency-Key:
      - 1766671572-eed707e9-8537-42a7-b88b-13904bf78a58
      Original-Request:
      - req_9nHXK0xr8sEqR7
      Stripe-Should-Retry:
      - 'false'
      Stripe-Version:
      - "<STRIPE_VERSION>"
      Vary:
      - Origin
      X-Stripe-Priority-Routing-Enabled:
      - 'true'
      X-Stripe-Routing-Context-Priority-Tier:
      - api-testmode
      X-Wc:
      - ABGHIJ
      Strict-Transport-Security:
      - max-age=63072000; includeSubDomains; preload
    body:
      encoding: UTF-8
      string: |-
        {
          "id": "sub_1SiFBBH54PcLeqtY916wMOdm",
          "object": "subscription",
          "application": null,
          "application_fee_percent": null,
          "automatic_tax": {
            "disabled_reason": null,
            "enabled": false,
            "liability": null
          },
          "billing_cycle_anchor": 1766671573,
          "billing_cycle_anchor_config": null,
          "billing_mode": {
            "flexible": {
              "proration_discounts": "included"
            },
            "type": "flexible",
            "updated_at": 1766671573
          },
          "billing_thresholds": null,
          "cancel_at": null,
          "cancel_at_period_end": false,
          "canceled_at": null,
          "cancellation_details": {
            "comment": null,
            "feedback": null,
            "reason": null
          },
          "collection_method": "charge_automatically",
          "created": 1766671573,
          "currency": "usd",
          "customer": "cus_TfaLV1kl2FQHrL",
          "customer_account": null,
          "days_until_due": null,
          "default_payment_method": null,
          "default_source": null,
          "default_tax_rates": [],
          "description": null,
          "discounts": [],
          "ended_at": null,
          "invoice_settings": {
            "account_tax_ids": null,
            "issuer": {
              "type": "self"
            }
          },
          "items": {
            "object": "list",
            "data": [
              {
                "id": "si_TfaL1s8TE5VCuI",
                "object": "subscription_item",
                "billing_thresholds": null,
                "created": 1766671573,
                "current_period_end": 1769349973,
                "current_period_start": 1766671573,
                "discounts": [],
                "metadata": {},
                "plan": {
                  "id": "price_1SiFBAH54PcLeqtYSaoMBfVf",
                  "object": "plan",
                  "active": true,
                  "amount": 2000,
                  "amount_decimal": "2000",
                  "billing_scheme": "per_unit",
                  "created": 1766671572,
                  "currency": "usd",
                  "interval": "month",
                  "interval_count": 1,
                  "livemode": false,
                  "metadata": {},
                  "meter": null,
                  "nickname": null,
                  "product": "prod_TfaLmNLcwmHWGL",
                  "tiers_mode": null,
                  "transform_usage": null,
                  "trial_period_days": null,
                  "usage_type": "licensed"
                },
                "price": {
                  "id": "price_1SiFBAH54PcLeqtYSaoMBfVf",
                  "object": "price",
                  "active": true,
                  "billing_scheme": "per_unit",
                  "created": 1766671572,
                  "currency": "usd",
                  "custom_unit_amount": null,
                  "livemode": false,
                  "lookup_key": null,
                  "metadata": {},
                  "nickname": null,
                  "product": "prod_TfaLmNLcwmHWGL",
                  "recurring": {
                    "interval": "month",
                    "interval_count": 1,
                    "meter": null,
                    "trial_period_days": null,
                    "usage_type": "licensed"
                  },
                  "tax_behavior": "unspecified",
                  "tiers_mode": null,
                  "transform_quantity": null,
                  "type": "recurring",
                  "unit_amount": 2000,
                  "unit_amount_decimal": "2000"
                },
                "quantity": 1,
                "subscription": "sub_1SiFBBH54PcLeqtY916wMOdm",
                "tax_rates": []
              }
            ],
            "has_more": false,
            "total_count": 1,
            "url": "/v1/subscription_items?subscription=sub_1SiFBBH54PcLeqtY916wMOdm"
          },
          "latest_invoice": "in_1SiFBBH54PcLeqtYPpU7untx",
          "livemode": false,
          "metadata": {},
          "next_pending_invoice_item_invoice": null,
          "on_behalf_of": null,
          "pause_collection": null,
          "payment_settings": {
            "payment_method_options": null,
            "payment_method_types": null,
            "save_default_payment_method": "off"
          },
          "pending_invoice_item_interval": null,
          "pending_setup_intent": null,
          "pending_update": null,
          "plan": {
            "id": "price_1SiFBAH54PcLeqtYSaoMBfVf",
            "object": "plan",
            "active": true,
            "amount": 2000,
            "amount_decimal": "2000",
            "billing_scheme": "per_unit",
            "created": 1766671572,
            "currency": "usd",
            "interval": "month",
            "interval_count": 1,
            "livemode": false,
            "metadata": {},
            "meter": null,
            "nickname": null,
            "product": "prod_TfaLmNLcwmHWGL",
            "tiers_mode": null,
            "transform_usage": null,
            "trial_period_days": null,
            "usage_type": "licensed"
          },
          "quantity": 1,
          "schedule": null,
          "start_date": 1766671573,
          "status": "active",
          "test_clock": null,
          "transfer_data": null,
          "trial_end": null,
          "trial_settings": {
            "end_behavior": {
              "missing_payment_method": "create_invoice"
            }
          },
          "trial_start": null
        }
  recorded_at: Thu, 25 Dec 2025 14:06:15 GMT
- request:
    method: get
    uri: https://api.stripe.com/v1/subscriptions/sub_1SiFBBH54PcLeqtY916wMOdm
    body:
      encoding: US-ASCII
      string: ''
    headers:
      User-Agent:
      - Stripe/v1 RubyBindings/17.2.0
      Authorization:
      - "<STRIPE_API_KEY>"
      X-Stripe-Client-Telemetry:
      - '{"last_request_metrics":{"request_id":"req_9nHXK0xr8sEqR7","request_duration_ms":3027}}'
      Stripe-Version:
      - "<STRIPE_VERSION>"
      X-Stripe-Client-User-Agent:
      - '{"bindings_version":"17.2.0","lang":"ruby","lang_version":"3.4.7 p58 (2025-10-08)","platform":"arm64-darwin25","engine":"ruby","publisher":"stripe","uname":"Darwin
        Tundra.local 25.3.0 Darwin Kernel Version 25.3.0: Fri Dec  5 23:10:12 PST
        2025; root:xnu-12377.80.260.0.1~42/RELEASE_ARM64_T6020 arm64","hostname":"Tundra.local"}'
      Accept-Encoding:
      - gzip;q=1.0,deflate;q=0.6,identity;q=0.3
      Accept:
      - "*/*"
  response:
    status:
      code: 200
      message: OK
    headers:
      Server:
      - nginx
      Date:
      - Thu, 25 Dec 2025 14:06:16 GMT
      Content-Type:
      - application/json
      Content-Length:
      - '4389'
      Connection:
      - keep-alive
      Access-Control-Allow-Credentials:
      - 'true'
      Access-Control-Allow-Methods:
      - GET, HEAD, PUT, PATCH, POST, DELETE
      Access-Control-Allow-Origin:
      - "*"
      Access-Control-Expose-Headers:
      - Request-Id, Stripe-Manage-Version, Stripe-Should-Retry, X-Stripe-External-Auth-Required,
        X-Stripe-Privileged-Session-Required
      Access-Control-Max-Age:
      - '300'
      Cache-Control:
      - no-cache, no-store
      Content-Security-Policy:
      - base-uri 'none'; default-src 'none'; form-action 'none'; frame-ancestors 'none';
        img-src 'self'; script-src 'self' 'report-sample'; style-src 'self'; worker-src
        'none'; upgrade-insecure-requests; report-uri https://q.stripe.com/csp-violation?q=myBr4yVD9-ZRxZW0S7_6GfhkaJ0VpGp-wQDODj79qY7k9o5an_-TDz6krHzeBHr9Yotjo-qxA8V3QbDr
      Stripe-Version:
      - "<STRIPE_VERSION>"
      Vary:
      - Origin
      X-Stripe-Priority-Routing-Enabled:
      - 'true'
      X-Stripe-Routing-Context-Priority-Tier:
      - api-testmode
      X-Wc:
      - ABGHIJ
      Strict-Transport-Security:
      - max-age=63072000; includeSubDomains; preload
    body:
      encoding: UTF-8
      string: |-
        {
          "id": "sub_1SiFBBH54PcLeqtY916wMOdm",
          "object": "subscription",
          "application": null,
          "application_fee_percent": null,
          "automatic_tax": {
            "disabled_reason": null,
            "enabled": false,
            "liability": null
          },
          "billing_cycle_anchor": 1766671573,
          "billing_cycle_anchor_config": null,
          "billing_mode": {
            "flexible": {
              "proration_discounts": "included"
            },
            "type": "flexible",
            "updated_at": 1766671573
          },
          "billing_thresholds": null,
          "cancel_at": null,
          "cancel_at_period_end": false,
          "canceled_at": null,
          "cancellation_details": {
            "comment": null,
            "feedback": null,
            "reason": null
          },
          "collection_method": "charge_automatically",
          "created": 1766671573,
          "currency": "usd",
          "customer": "cus_TfaLV1kl2FQHrL",
          "customer_account": null,
          "days_until_due": null,
          "default_payment_method": null,
          "default_source": null,
          "default_tax_rates": [],
          "description": null,
          "discounts": [],
          "ended_at": null,
          "invoice_settings": {
            "account_tax_ids": null,
            "issuer": {
              "type": "self"
            }
          },
          "items": {
            "object": "list",
            "data": [
              {
                "id": "si_TfaL1s8TE5VCuI",
                "object": "subscription_item",
                "billing_thresholds": null,
                "created": 1766671573,
                "current_period_end": 1769349973,
                "current_period_start": 1766671573,
                "discounts": [],
                "metadata": {},
                "plan": {
                  "id": "price_1SiFBAH54PcLeqtYSaoMBfVf",
                  "object": "plan",
                  "active": true,
                  "amount": 2000,
                  "amount_decimal": "2000",
                  "billing_scheme": "per_unit",
                  "created": 1766671572,
                  "currency": "usd",
                  "interval": "month",
                  "interval_count": 1,
                  "livemode": false,
                  "metadata": {},
                  "meter": null,
                  "nickname": null,
                  "product": "prod_TfaLmNLcwmHWGL",
                  "tiers_mode": null,
                  "transform_usage": null,
                  "trial_period_days": null,
                  "usage_type": "licensed"
                },
                "price": {
                  "id": "price_1SiFBAH54PcLeqtYSaoMBfVf",
                  "object": "price",
                  "active": true,
                  "billing_scheme": "per_unit",
                  "created": 1766671572,
                  "currency": "usd",
                  "custom_unit_amount": null,
                  "livemode": false,
                  "lookup_key": null,
                  "metadata": {},
                  "nickname": null,
                  "product": "prod_TfaLmNLcwmHWGL",
                  "recurring": {
                    "interval": "month",
                    "interval_count": 1,
                    "meter": null,
                    "trial_period_days": null,
                    "usage_type": "licensed"
                  },
                  "tax_behavior": "unspecified",
                  "tiers_mode": null,
                  "transform_quantity": null,
                  "type": "recurring",
                  "unit_amount": 2000,
                  "unit_amount_decimal": "2000"
                },
                "quantity": 1,
                "subscription": "sub_1SiFBBH54PcLeqtY916wMOdm",
                "tax_rates": []
              }
            ],
            "has_more": false,
            "total_count": 1,
            "url": "/v1/subscription_items?subscription=sub_1SiFBBH54PcLeqtY916wMOdm"
          },
          "latest_invoice": "in_1SiFBBH54PcLeqtYPpU7untx",
          "livemode": false,
          "metadata": {},
          "next_pending_invoice_item_invoice": null,
          "on_behalf_of": null,
          "pause_collection": null,
          "payment_settings": {
            "payment_method_options": null,
            "payment_method_types": null,
            "save_default_payment_method": "off"
          },
          "pending_invoice_item_interval": null,
          "pending_setup_intent": null,
          "pending_update": null,
          "plan": {
            "id": "price_1SiFBAH54PcLeqtYSaoMBfVf",
            "object": "plan",
            "active": true,
            "amount": 2000,
            "amount_decimal": "2000",
            "billing_scheme": "per_unit",
            "created": 1766671572,
            "currency": "usd",
            "interval": "month",
            "interval_count": 1,
            "livemode": false,
            "metadata": {},
            "meter": null,
            "nickname": null,
            "product": "prod_TfaLmNLcwmHWGL",
            "tiers_mode": null,
            "transform_usage": null,
            "trial_period_days": null,
            "usage_type": "licensed"
          },
          "quantity": 1,
          "schedule": null,
          "start_date": 1766671573,
          "status": "active",
          "test_clock": null,
          "transfer_data": null,
          "trial_end": null,
          "trial_settings": {
            "end_behavior": {
              "missing_payment_method": "create_invoice"
            }
          },
          "trial_start": null
        }
  recorded_at: Thu, 25 Dec 2025 14:06:16 GMT
- request:
    method: get
    uri: https://api.stripe.com/v1/subscriptions/sub_1SiFBBH54PcLeqtY916wMOdm
    body:
      encoding: US-ASCII
      string: ''
    headers:
      User-Agent:
      - Stripe/v1 RubyBindings/17.2.0
      Authorization:
      - "<STRIPE_API_KEY>"
      X-Stripe-Client-Telemetry:
      - '{"last_request_metrics":{"request_id":"req_cBTkT0NCzlnBeN","request_duration_ms":145}}'
      Stripe-Version:
      - "<STRIPE_VERSION>"
      X-Stripe-Client-User-Agent:
      - '{"bindings_version":"17.2.0","lang":"ruby","lang_version":"3.4.7 p58 (2025-10-08)","platform":"arm64-darwin25","engine":"ruby","publisher":"stripe","uname":"Darwin
        Tundra.local 25.3.0 Darwin Kernel Version 25.3.0: Fri Dec  5 23:10:12 PST
        2025; root:xnu-12377.80.260.0.1~42/RELEASE_ARM64_T6020 arm64","hostname":"Tundra.local"}'
      Accept-Encoding:
      - gzip;q=1.0,deflate;q=0.6,identity;q=0.3
      Accept:
      - "*/*"
  response:
    status:
      code: 200
      message: OK
    headers:
      Server:
      - nginx
      Date:
      - Thu, 25 Dec 2025 14:06:16 GMT
      Content-Type:
      - application/json
      Content-Length:
      - '4389'
      Connection:
      - keep-alive
      Access-Control-Allow-Credentials:
      - 'true'
      Access-Control-Allow-Methods:
      - GET, HEAD, PUT, PATCH, POST, DELETE
      Access-Control-Allow-Origin:
      - "*"
      Access-Control-Expose-Headers:
      - Request-Id, Stripe-Manage-Version, Stripe-Should-Retry, X-Stripe-External-Auth-Required,
        X-Stripe-Privileged-Session-Required
      Access-Control-Max-Age:
      - '300'
      Cache-Control:
      - no-cache, no-store
      Content-Security-Policy:
      - base-uri 'none'; default-src 'none'; form-action 'none'; frame-ancestors 'none';
        img-src 'self'; script-src 'self' 'report-sample'; style-src 'self'; worker-src
        'none'; upgrade-insecure-requests; report-uri https://q.stripe.com/csp-violation?q=myBr4yVD9-ZRxZW0S7_6GfhkaJ0VpGp-wQDODj79qY7k9o5an_-TDz6krHzeBHr9Yotjo-qxA8V3QbDr
      Stripe-Version:
      - "<STRIPE_VERSION>"
      Vary:
      - Origin
      X-Stripe-Priority-Routing-Enabled:
      - 'true'
      X-Stripe-Routing-Context-Priority-Tier:
      - api-testmode
      X-Wc:
      - ABGHIJ
      Strict-Transport-Security:
      - max-age=63072000; includeSubDomains; preload
    body:
      encoding: UTF-8
      string: |-
        {
          "id": "sub_1SiFBBH54PcLeqtY916wMOdm",
          "object": "subscription",
          "application": null,
          "application_fee_percent": null,
          "automatic_tax": {
            "disabled_reason": null,
            "enabled": false,
            "liability": null
          },
          "billing_cycle_anchor": 1766671573,
          "billing_cycle_anchor_config": null,
          "billing_mode": {
            "flexible": {
              "proration_discounts": "included"
            },
            "type": "flexible",
            "updated_at": 1766671573
          },
          "billing_thresholds": null,
          "cancel_at": null,
          "cancel_at_period_end": false,
          "canceled_at": null,
          "cancellation_details": {
            "comment": null,
            "feedback": null,
            "reason": null
          },
          "collection_method": "charge_automatically",
          "created": 1766671573,
          "currency": "usd",
          "customer": "cus_TfaLV1kl2FQHrL",
          "customer_account": null,
          "days_until_due": null,
          "default_payment_method": null,
          "default_source": null,
          "default_tax_rates": [],
          "description": null,
          "discounts": [],
          "ended_at": null,
          "invoice_settings": {
            "account_tax_ids": null,
            "issuer": {
              "type": "self"
            }
          },
          "items": {
            "object": "list",
            "data": [
              {
                "id": "si_TfaL1s8TE5VCuI",
                "object": "subscription_item",
                "billing_thresholds": null,
                "created": 1766671573,
                "current_period_end": 1769349973,
                "current_period_start": 1766671573,
                "discounts": [],
                "metadata": {},
                "plan": {
                  "id": "price_1SiFBAH54PcLeqtYSaoMBfVf",
                  "object": "plan",
                  "active": true,
                  "amount": 2000,
                  "amount_decimal": "2000",
                  "billing_scheme": "per_unit",
                  "created": 1766671572,
                  "currency": "usd",
                  "interval": "month",
                  "interval_count": 1,
                  "livemode": false,
                  "metadata": {},
                  "meter": null,
                  "nickname": null,
                  "product": "prod_TfaLmNLcwmHWGL",
                  "tiers_mode": null,
                  "transform_usage": null,
                  "trial_period_days": null,
                  "usage_type": "licensed"
                },
                "price": {
                  "id": "price_1SiFBAH54PcLeqtYSaoMBfVf",
                  "object": "price",
                  "active": true,
                  "billing_scheme": "per_unit",
                  "created": 1766671572,
                  "currency": "usd",
                  "custom_unit_amount": null,
                  "livemode": false,
                  "lookup_key": null,
                  "metadata": {},
                  "nickname": null,
                  "product": "prod_TfaLmNLcwmHWGL",
                  "recurring": {
                    "interval": "month",
                    "interval_count": 1,
                    "meter": null,
                    "trial_period_days": null,
                    "usage_type": "licensed"
                  },
                  "tax_behavior": "unspecified",
                  "tiers_mode": null,
                  "transform_quantity": null,
                  "type": "recurring",
                  "unit_amount": 2000,
                  "unit_amount_decimal": "2000"
                },
                "quantity": 1,
                "subscription": "sub_1SiFBBH54PcLeqtY916wMOdm",
                "tax_rates": []
              }
            ],
            "has_more": false,
            "total_count": 1,
            "url": "/v1/subscription_items?subscription=sub_1SiFBBH54PcLeqtY916wMOdm"
          },
          "latest_invoice": "in_1SiFBBH54PcLeqtYPpU7untx",
          "livemode": false,
          "metadata": {},
          "next_pending_invoice_item_invoice": null,
          "on_behalf_of": null,
          "pause_collection": null,
          "payment_settings": {
            "payment_method_options": null,
            "payment_method_types": null,
            "save_default_payment_method": "off"
          },
          "pending_invoice_item_interval": null,
          "pending_setup_intent": null,
          "pending_update": null,
          "plan": {
            "id": "price_1SiFBAH54PcLeqtYSaoMBfVf",
            "object": "plan",
            "active": true,
            "amount": 2000,
            "amount_decimal": "2000",
            "billing_scheme": "per_unit",
            "created": 1766671572,
            "currency": "usd",
            "interval": "month",
            "interval_count": 1,
            "livemode": false,
            "metadata": {},
            "meter": null,
            "nickname": null,
            "product": "prod_TfaLmNLcwmHWGL",
            "tiers_mode": null,
            "transform_usage": null,
            "trial_period_days": null,
            "usage_type": "licensed"
          },
          "quantity": 1,
          "schedule": null,
          "start_date": 1766671573,
          "status": "active",
          "test_clock": null,
          "transfer_data": null,
          "trial_end": null,
          "trial_settings": {
            "end_behavior": {
              "missing_payment_method": "create_invoice"
            }
          },
          "trial_start": null
        }
  recorded_at: Thu, 25 Dec 2025 14:06:16 GMT
- request:
    method: delete
    uri: https://api.stripe.com/v1/customers/cus_TfaLV1kl2FQHrL
    body:
      encoding: US-ASCII
      string: ''
    headers:
      User-Agent:
      - Stripe/v1 RubyBindings/17.2.0
      Authorization:
      - "<STRIPE_API_KEY>"
      X-Stripe-Client-Telemetry:
      - '{"last_request_metrics":{"request_id":"req_9NgW6uNiFSGJ7v","request_duration_ms":143}}'
      Stripe-Version:
      - "<STRIPE_VERSION>"
      X-Stripe-Client-User-Agent:
      - '{"bindings_version":"17.2.0","lang":"ruby","lang_version":"3.4.7 p58 (2025-10-08)","platform":"arm64-darwin25","engine":"ruby","publisher":"stripe","uname":"Darwin
        Tundra.local 25.3.0 Darwin Kernel Version 25.3.0: Fri Dec  5 23:10:12 PST
        2025; root:xnu-12377.80.260.0.1~42/RELEASE_ARM64_T6020 arm64","hostname":"Tundra.local"}'
      Accept-Encoding:
      - gzip;q=1.0,deflate;q=0.6,identity;q=0.3
      Accept:
      - "*/*"
  response:
    status:
      code: 200
      message: OK
    headers:
      Server:
      - nginx
      Date:
      - Thu, 25 Dec 2025 14:06:17 GMT
      Content-Type:
      - application/json
      Content-Length:
      - '75'
      Connection:
      - keep-alive
      Access-Control-Allow-Credentials:
      - 'true'
      Access-Control-Allow-Methods:
      - GET, HEAD, PUT, PATCH, POST, DELETE
      Access-Control-Allow-Origin:
      - "*"
      Access-Control-Expose-Headers:
      - Request-Id, Stripe-Manage-Version, Stripe-Should-Retry, X-Stripe-External-Auth-Required,
        X-Stripe-Privileged-Session-Required
      Access-Control-Max-Age:
      - '300'
      Cache-Control:
      - no-cache, no-store
      Content-Security-Policy:
      - base-uri 'none'; default-src 'none'; form-action 'none'; frame-ancestors 'none';
        img-src 'self'; script-src 'self' 'report-sample'; style-src 'self'; worker-src
        'none'; upgrade-insecure-requests; report-uri https://q.stripe.com/csp-violation?q=myBr4yVD9-ZRxZW0S7_6GfhkaJ0VpGp-wQDODj79qY7k9o5an_-TDz6krHzeBHr9Yotjo-qxA8V3QbDr
      Stripe-Version:
      - "<STRIPE_VERSION>"
      Vary:
      - Origin
      X-Stripe-Priority-Routing-Enabled:
      - 'true'
      X-Stripe-Routing-Context-Priority-Tier:
      - api-testmode
      X-Wc:
      - ABGHIJ
      Strict-Transport-Security:
      - max-age=63072000; includeSubDomains; preload
    body:
      encoding: UTF-8
      string: |-
        {
          "id": "cus_TfaLV1kl2FQHrL",
          "object": "customer",
          "deleted": true
        }
  recorded_at: Thu, 25 Dec 2025 14:06:17 GMT
- request:
    method: post
    uri: https://api.stripe.com/v1/customers
    body:
      encoding: UTF-8
      string: email=sub-test%40example.com&source=tok_visa
    headers:
      User-Agent:
      - Stripe/v1 RubyBindings/17.2.0
      Authorization:
      - "<STRIPE_API_KEY>"
      X-Stripe-Client-Telemetry:
      - '{"last_request_metrics":{"request_id":"req_t9N608uZdv0X8J","request_duration_ms":757}}'
      Idempotency-Key:
      - 1766985553-6b4b3b1f-e0b5-4185-bb0f-79e439bdd5e6
      Stripe-Version:
      - "<STRIPE_VERSION>"
      X-Stripe-Client-User-Agent:
      - '{"bindings_version":"17.2.0","lang":"ruby","lang_version":"3.4.8 p72 (2025-12-17)","platform":"arm64-darwin25","engine":"ruby","publisher":"stripe","uname":"Darwin
        Tundra.local 25.3.0 Darwin Kernel Version 25.3.0: Fri Dec  5 23:10:12 PST
        2025; root:xnu-12377.80.260.0.1~42/RELEASE_ARM64_T6020 arm64","hostname":"Tundra.local"}'
      Content-Type:
      - application/x-www-form-urlencoded
      Accept-Encoding:
      - gzip;q=1.0,deflate;q=0.6,identity;q=0.3
      Accept:
      - "*/*"
  response:
    status:
      code: 200
      message: OK
    headers:
      Server:
      - nginx
      Date:
      - Mon, 29 Dec 2025 05:19:14 GMT
      Content-Type:
      - application/json
      Content-Length:
      - '687'
      Connection:
      - keep-alive
      Access-Control-Allow-Credentials:
      - 'true'
      Access-Control-Allow-Methods:
      - GET, HEAD, PUT, PATCH, POST, DELETE
      Access-Control-Allow-Origin:
      - "*"
      Access-Control-Expose-Headers:
      - Request-Id, Stripe-Manage-Version, Stripe-Should-Retry, X-Stripe-External-Auth-Required,
        X-Stripe-Privileged-Session-Required
      Access-Control-Max-Age:
      - '300'
      Cache-Control:
      - no-cache, no-store
      Content-Security-Policy:
      - base-uri 'none'; default-src 'none'; form-action 'none'; frame-ancestors 'none';
        img-src 'self'; script-src 'self' 'report-sample'; style-src 'self'; worker-src
        'none'; upgrade-insecure-requests; report-uri https://q.stripe.com/csp-violation?q=pUwHNoVEvRpzgW47LWvIEwRFAsXVnNkNKtL2fwcwZDo7Rw9k_m6kYKn-9bdIF9s0SbIkSFmJFGN7qooh
      Idempotency-Key:
      - 1766985553-6b4b3b1f-e0b5-4185-bb0f-79e439bdd5e6
      Original-Request:
      - req_Iig4RUgfsH1ZNd
      Stripe-Should-Retry:
      - 'false'
      Stripe-Version:
      - "<STRIPE_VERSION>"
      Vary:
      - Origin
      X-Stripe-Priority-Routing-Enabled:
      - 'true'
      X-Stripe-Routing-Context-Priority-Tier:
      - api-testmode
      X-Wc:
      - ABGHIJ
      Strict-Transport-Security:
      - max-age=63072000; includeSubDomains; preload
    body:
      encoding: UTF-8
      string: |-
        {
          "id": "cus_TgwkZApPxRRTLn",
          "object": "customer",
          "address": null,
          "balance": 0,
          "created": 1766985554,
          "currency": null,
          "customer_account": null,
          "default_source": "card_1SjYrOH54PcLeqtYAZvq6o7l",
          "delinquent": false,
          "description": null,
          "discount": null,
          "email": "sub-test@example.com",
          "invoice_prefix": "B9HCZPUN",
          "invoice_settings": {
            "custom_fields": null,
            "default_payment_method": null,
            "footer": null,
            "rendering_options": null
          },
          "livemode": false,
          "metadata": {},
          "name": null,
          "next_invoice_sequence": 1,
          "phone": null,
          "preferred_locales": [],
          "shipping": null,
          "tax_exempt": "none",
          "test_clock": null
        }
  recorded_at: Mon, 29 Dec 2025 05:19:14 GMT
- request:
    method: post
    uri: https://api.stripe.com/v1/products
    body:
      encoding: UTF-8
      string: name=VCR+Test+Product
    headers:
      User-Agent:
      - Stripe/v1 RubyBindings/17.2.0
      Authorization:
      - "<STRIPE_API_KEY>"
      X-Stripe-Client-Telemetry:
      - '{"last_request_metrics":{"request_id":"req_Iig4RUgfsH1ZNd","request_duration_ms":1267}}'
      Idempotency-Key:
      - 1766985554-843c5823-e41f-4341-8a0b-8fac263afa46
      Stripe-Version:
      - "<STRIPE_VERSION>"
      X-Stripe-Client-User-Agent:
      - '{"bindings_version":"17.2.0","lang":"ruby","lang_version":"3.4.8 p72 (2025-12-17)","platform":"arm64-darwin25","engine":"ruby","publisher":"stripe","uname":"Darwin
        Tundra.local 25.3.0 Darwin Kernel Version 25.3.0: Fri Dec  5 23:10:12 PST
        2025; root:xnu-12377.80.260.0.1~42/RELEASE_ARM64_T6020 arm64","hostname":"Tundra.local"}'
      Content-Type:
      - application/x-www-form-urlencoded
      Accept-Encoding:
      - gzip;q=1.0,deflate;q=0.6,identity;q=0.3
      Accept:
      - "*/*"
  response:
    status:
      code: 200
      message: OK
    headers:
      Server:
      - nginx
      Date:
      - Mon, 29 Dec 2025 05:19:15 GMT
      Content-Type:
      - application/json
      Content-Length:
      - '466'
      Connection:
      - keep-alive
      Access-Control-Allow-Credentials:
      - 'true'
      Access-Control-Allow-Methods:
      - GET, HEAD, PUT, PATCH, POST, DELETE
      Access-Control-Allow-Origin:
      - "*"
      Access-Control-Expose-Headers:
      - Request-Id, Stripe-Manage-Version, Stripe-Should-Retry, X-Stripe-External-Auth-Required,
        X-Stripe-Privileged-Session-Required
      Access-Control-Max-Age:
      - '300'
      Cache-Control:
      - no-cache, no-store
      Content-Security-Policy:
      - base-uri 'none'; default-src 'none'; form-action 'none'; frame-ancestors 'none';
        img-src 'self'; script-src 'self' 'report-sample'; style-src 'self'; worker-src
        'none'; upgrade-insecure-requests; report-uri https://q.stripe.com/csp-violation?q=pUwHNoVEvRpzgW47LWvIEwRFAsXVnNkNKtL2fwcwZDo7Rw9k_m6kYKn-9bdIF9s0SbIkSFmJFGN7qooh
      Idempotency-Key:
      - 1766985554-843c5823-e41f-4341-8a0b-8fac263afa46
      Original-Request:
      - req_P9XpD6hddrjQOh
      Stripe-Should-Retry:
      - 'false'
      Stripe-Version:
      - "<STRIPE_VERSION>"
      Vary:
      - Origin
      X-Stripe-Priority-Routing-Enabled:
      - 'true'
      X-Stripe-Routing-Context-Priority-Tier:
      - api-testmode
      X-Wc:
      - ABGHIJ
      Strict-Transport-Security:
      - max-age=63072000; includeSubDomains; preload
    body:
      encoding: UTF-8
      string: |-
        {
          "id": "prod_TgwkIN3d4Hc5Oy",
          "object": "product",
          "active": true,
          "attributes": [],
          "created": 1766985554,
          "default_price": null,
          "description": null,
          "images": [],
          "livemode": false,
          "marketing_features": [],
          "metadata": {},
          "name": "VCR Test Product",
          "package_dimensions": null,
          "shippable": null,
          "statement_descriptor": null,
          "tax_code": null,
          "type": "service",
          "unit_label": null,
          "updated": 1766985555,
          "url": null
        }
  recorded_at: Mon, 29 Dec 2025 05:19:15 GMT
- request:
    method: post
    uri: https://api.stripe.com/v1/prices
    body:
      encoding: UTF-8
      string: unit_amount=2000&currency=usd&recurring[interval]=month&product=prod_TgwkIN3d4Hc5Oy
    headers:
      User-Agent:
      - Stripe/v1 RubyBindings/17.2.0
      Authorization:
      - "<STRIPE_API_KEY>"
      X-Stripe-Client-Telemetry:
      - '{"last_request_metrics":{"request_id":"req_P9XpD6hddrjQOh","request_duration_ms":396}}'
      Idempotency-Key:
      - 1766985555-eb08e1da-fbee-43c3-bc7d-44fecbb1f35b
      Stripe-Version:
      - "<STRIPE_VERSION>"
      X-Stripe-Client-User-Agent:
      - '{"bindings_version":"17.2.0","lang":"ruby","lang_version":"3.4.8 p72 (2025-12-17)","platform":"arm64-darwin25","engine":"ruby","publisher":"stripe","uname":"Darwin
        Tundra.local 25.3.0 Darwin Kernel Version 25.3.0: Fri Dec  5 23:10:12 PST
        2025; root:xnu-12377.80.260.0.1~42/RELEASE_ARM64_T6020 arm64","hostname":"Tundra.local"}'
      Content-Type:
      - application/x-www-form-urlencoded
      Accept-Encoding:
      - gzip;q=1.0,deflate;q=0.6,identity;q=0.3
      Accept:
      - "*/*"
  response:
    status:
      code: 200
      message: OK
    headers:
      Server:
      - nginx
      Date:
      - Mon, 29 Dec 2025 05:19:15 GMT
      Content-Type:
      - application/json
      Content-Length:
      - '623'
      Connection:
      - keep-alive
      Access-Control-Allow-Credentials:
      - 'true'
      Access-Control-Allow-Methods:
      - GET, HEAD, PUT, PATCH, POST, DELETE
      Access-Control-Allow-Origin:
      - "*"
      Access-Control-Expose-Headers:
      - Request-Id, Stripe-Manage-Version, Stripe-Should-Retry, X-Stripe-External-Auth-Required,
        X-Stripe-Privileged-Session-Required
      Access-Control-Max-Age:
      - '300'
      Cache-Control:
      - no-cache, no-store
      Content-Security-Policy:
      - base-uri 'none'; default-src 'none'; form-action 'none'; frame-ancestors 'none';
        img-src 'self'; script-src 'self' 'report-sample'; style-src 'self'; worker-src
        'none'; upgrade-insecure-requests; report-uri https://q.stripe.com/csp-violation?q=pUwHNoVEvRpzgW47LWvIEwRFAsXVnNkNKtL2fwcwZDo7Rw9k_m6kYKn-9bdIF9s0SbIkSFmJFGN7qooh
      Idempotency-Key:
      - 1766985555-eb08e1da-fbee-43c3-bc7d-44fecbb1f35b
      Original-Request:
      - req_sV2znRusloX3oi
      Stripe-Should-Retry:
      - 'false'
      Stripe-Version:
      - "<STRIPE_VERSION>"
      Vary:
      - Origin
      X-Stripe-Priority-Routing-Enabled:
      - 'true'
      X-Stripe-Routing-Context-Priority-Tier:
      - api-testmode
      X-Wc:
      - ABGHIJ
      Strict-Transport-Security:
      - max-age=63072000; includeSubDomains; preload
    body:
      encoding: UTF-8
      string: |-
        {
          "id": "price_1SjYrPH54PcLeqtYDAZtjB0h",
          "object": "price",
          "active": true,
          "billing_scheme": "per_unit",
          "created": 1766985555,
          "currency": "usd",
          "custom_unit_amount": null,
          "livemode": false,
          "lookup_key": null,
          "metadata": {},
          "nickname": null,
          "product": "prod_TgwkIN3d4Hc5Oy",
          "recurring": {
            "interval": "month",
            "interval_count": 1,
            "meter": null,
            "trial_period_days": null,
            "usage_type": "licensed"
          },
          "tax_behavior": "unspecified",
          "tiers_mode": null,
          "transform_quantity": null,
          "type": "recurring",
          "unit_amount": 2000,
          "unit_amount_decimal": "2000"
        }
  recorded_at: Mon, 29 Dec 2025 05:19:15 GMT
- request:
    method: post
    uri: https://api.stripe.com/v1/subscriptions
    body:
      encoding: UTF-8
      string: customer=cus_TgwkZApPxRRTLn&items[0][price]=price_1SjYrPH54PcLeqtYDAZtjB0h
    headers:
      User-Agent:
      - Stripe/v1 RubyBindings/17.2.0
      Authorization:
      - "<STRIPE_API_KEY>"
      X-Stripe-Client-Telemetry:
      - '{"last_request_metrics":{"request_id":"req_sV2znRusloX3oi","request_duration_ms":400}}'
      Idempotency-Key:
      - 1766985555-622e98d2-bfb2-4efe-b92c-c8ce113b02eb
      Stripe-Version:
      - "<STRIPE_VERSION>"
      X-Stripe-Client-User-Agent:
      - '{"bindings_version":"17.2.0","lang":"ruby","lang_version":"3.4.8 p72 (2025-12-17)","platform":"arm64-darwin25","engine":"ruby","publisher":"stripe","uname":"Darwin
        Tundra.local 25.3.0 Darwin Kernel Version 25.3.0: Fri Dec  5 23:10:12 PST
        2025; root:xnu-12377.80.260.0.1~42/RELEASE_ARM64_T6020 arm64","hostname":"Tundra.local"}'
      Content-Type:
      - application/x-www-form-urlencoded
      Accept-Encoding:
      - gzip;q=1.0,deflate;q=0.6,identity;q=0.3
      Accept:
      - "*/*"
  response:
    status:
      code: 200
      message: OK
    headers:
      Server:
      - nginx
      Date:
      - Mon, 29 Dec 2025 05:19:18 GMT
      Content-Type:
      - application/json
      Content-Length:
      - '4389'
      Connection:
      - keep-alive
      Access-Control-Allow-Credentials:
      - 'true'
      Access-Control-Allow-Methods:
      - GET, HEAD, PUT, PATCH, POST, DELETE
      Access-Control-Allow-Origin:
      - "*"
      Access-Control-Expose-Headers:
      - Request-Id, Stripe-Manage-Version, Stripe-Should-Retry, X-Stripe-External-Auth-Required,
        X-Stripe-Privileged-Session-Required
      Access-Control-Max-Age:
      - '300'
      Cache-Control:
      - no-cache, no-store
      Content-Security-Policy:
      - base-uri 'none'; default-src 'none'; form-action 'none'; frame-ancestors 'none';
        img-src 'self'; script-src 'self' 'report-sample'; style-src 'self'; worker-src
        'none'; upgrade-insecure-requests; report-uri https://q.stripe.com/csp-violation?q=pUwHNoVEvRpzgW47LWvIEwRFAsXVnNkNKtL2fwcwZDo7Rw9k_m6kYKn-9bdIF9s0SbIkSFmJFGN7qooh
      Idempotency-Key:
      - 1766985555-622e98d2-bfb2-4efe-b92c-c8ce113b02eb
      Original-Request:
      - req_RRl5SfXFpYS7ZB
      Stripe-Should-Retry:
      - 'false'
      Stripe-Version:
      - "<STRIPE_VERSION>"
      Vary:
      - Origin
      X-Stripe-Priority-Routing-Enabled:
      - 'true'
      X-Stripe-Routing-Context-Priority-Tier:
      - api-testmode
      X-Wc:
      - ABGHIJ
      Strict-Transport-Security:
      - max-age=63072000; includeSubDomains; preload
    body:
      encoding: UTF-8
      string: |-
        {
          "id": "sub_1SjYrPH54PcLeqtYjQSwEB0f",
          "object": "subscription",
          "application": null,
          "application_fee_percent": null,
          "automatic_tax": {
            "disabled_reason": null,
            "enabled": false,
            "liability": null
          },
          "billing_cycle_anchor": 1766985555,
          "billing_cycle_anchor_config": null,
          "billing_mode": {
            "flexible": {
              "proration_discounts": "included"
            },
            "type": "flexible",
            "updated_at": 1766985555
          },
          "billing_thresholds": null,
          "cancel_at": null,
          "cancel_at_period_end": false,
          "canceled_at": null,
          "cancellation_details": {
            "comment": null,
            "feedback": null,
            "reason": null
          },
          "collection_method": "charge_automatically",
          "created": 1766985555,
          "currency": "usd",
          "customer": "cus_TgwkZApPxRRTLn",
          "customer_account": null,
          "days_until_due": null,
          "default_payment_method": null,
          "default_source": null,
          "default_tax_rates": [],
          "description": null,
          "discounts": [],
          "ended_at": null,
          "invoice_settings": {
            "account_tax_ids": null,
            "issuer": {
              "type": "self"
            }
          },
          "items": {
            "object": "list",
            "data": [
              {
                "id": "si_TgwkDQjFycc2Gi",
                "object": "subscription_item",
                "billing_thresholds": null,
                "created": 1766985556,
                "current_period_end": 1769663955,
                "current_period_start": 1766985555,
                "discounts": [],
                "metadata": {},
                "plan": {
                  "id": "price_1SjYrPH54PcLeqtYDAZtjB0h",
                  "object": "plan",
                  "active": true,
                  "amount": 2000,
                  "amount_decimal": "2000",
                  "billing_scheme": "per_unit",
                  "created": 1766985555,
                  "currency": "usd",
                  "interval": "month",
                  "interval_count": 1,
                  "livemode": false,
                  "metadata": {},
                  "meter": null,
                  "nickname": null,
                  "product": "prod_TgwkIN3d4Hc5Oy",
                  "tiers_mode": null,
                  "transform_usage": null,
                  "trial_period_days": null,
                  "usage_type": "licensed"
                },
                "price": {
                  "id": "price_1SjYrPH54PcLeqtYDAZtjB0h",
                  "object": "price",
                  "active": true,
                  "billing_scheme": "per_unit",
                  "created": 1766985555,
                  "currency": "usd",
                  "custom_unit_amount": null,
                  "livemode": false,
                  "lookup_key": null,
                  "metadata": {},
                  "nickname": null,
                  "product": "prod_TgwkIN3d4Hc5Oy",
                  "recurring": {
                    "interval": "month",
                    "interval_count": 1,
                    "meter": null,
                    "trial_period_days": null,
                    "usage_type": "licensed"
                  },
                  "tax_behavior": "unspecified",
                  "tiers_mode": null,
                  "transform_quantity": null,
                  "type": "recurring",
                  "unit_amount": 2000,
                  "unit_amount_decimal": "2000"
                },
                "quantity": 1,
                "subscription": "sub_1SjYrPH54PcLeqtYjQSwEB0f",
                "tax_rates": []
              }
            ],
            "has_more": false,
            "total_count": 1,
            "url": "/v1/subscription_items?subscription=sub_1SjYrPH54PcLeqtYjQSwEB0f"
          },
          "latest_invoice": "in_1SjYrPH54PcLeqtYCKP3b6rU",
          "livemode": false,
          "metadata": {},
          "next_pending_invoice_item_invoice": null,
          "on_behalf_of": null,
          "pause_collection": null,
          "payment_settings": {
            "payment_method_options": null,
            "payment_method_types": null,
            "save_default_payment_method": "off"
          },
          "pending_invoice_item_interval": null,
          "pending_setup_intent": null,
          "pending_update": null,
          "plan": {
            "id": "price_1SjYrPH54PcLeqtYDAZtjB0h",
            "object": "plan",
            "active": true,
            "amount": 2000,
            "amount_decimal": "2000",
            "billing_scheme": "per_unit",
            "created": 1766985555,
            "currency": "usd",
            "interval": "month",
            "interval_count": 1,
            "livemode": false,
            "metadata": {},
            "meter": null,
            "nickname": null,
            "product": "prod_TgwkIN3d4Hc5Oy",
            "tiers_mode": null,
            "transform_usage": null,
            "trial_period_days": null,
            "usage_type": "licensed"
          },
          "quantity": 1,
          "schedule": null,
          "start_date": 1766985555,
          "status": "active",
          "test_clock": null,
          "transfer_data": null,
          "trial_end": null,
          "trial_settings": {
            "end_behavior": {
              "missing_payment_method": "create_invoice"
            }
          },
          "trial_start": null
        }
  recorded_at: Mon, 29 Dec 2025 05:19:18 GMT
- request:
    method: get
    uri: https://api.stripe.com/v1/subscriptions/sub_1SjYrPH54PcLeqtYjQSwEB0f
    body:
      encoding: US-ASCII
      string: ''
    headers:
      User-Agent:
      - Stripe/v1 RubyBindings/17.2.0
      Authorization:
      - "<STRIPE_API_KEY>"
      X-Stripe-Client-Telemetry:
      - '{"last_request_metrics":{"request_id":"req_RRl5SfXFpYS7ZB","request_duration_ms":3225}}'
      Stripe-Version:
      - "<STRIPE_VERSION>"
      X-Stripe-Client-User-Agent:
      - '{"bindings_version":"17.2.0","lang":"ruby","lang_version":"3.4.8 p72 (2025-12-17)","platform":"arm64-darwin25","engine":"ruby","publisher":"stripe","uname":"Darwin
        Tundra.local 25.3.0 Darwin Kernel Version 25.3.0: Fri Dec  5 23:10:12 PST
        2025; root:xnu-12377.80.260.0.1~42/RELEASE_ARM64_T6020 arm64","hostname":"Tundra.local"}'
      Accept-Encoding:
      - gzip;q=1.0,deflate;q=0.6,identity;q=0.3
      Accept:
      - "*/*"
  response:
    status:
      code: 200
      message: OK
    headers:
      Server:
      - nginx
      Date:
      - Mon, 29 Dec 2025 05:19:19 GMT
      Content-Type:
      - application/json
      Content-Length:
      - '4389'
      Connection:
      - keep-alive
      Access-Control-Allow-Credentials:
      - 'true'
      Access-Control-Allow-Methods:
      - GET, HEAD, PUT, PATCH, POST, DELETE
      Access-Control-Allow-Origin:
      - "*"
      Access-Control-Expose-Headers:
      - Request-Id, Stripe-Manage-Version, Stripe-Should-Retry, X-Stripe-External-Auth-Required,
        X-Stripe-Privileged-Session-Required
      Access-Control-Max-Age:
      - '300'
      Cache-Control:
      - no-cache, no-store
      Content-Security-Policy:
      - base-uri 'none'; default-src 'none'; form-action 'none'; frame-ancestors 'none';
        img-src 'self'; script-src 'self' 'report-sample'; style-src 'self'; worker-src
        'none'; upgrade-insecure-requests; report-uri https://q.stripe.com/csp-violation?q=pUwHNoVEvRpzgW47LWvIEwRFAsXVnNkNKtL2fwcwZDo7Rw9k_m6kYKn-9bdIF9s0SbIkSFmJFGN7qooh
      Stripe-Version:
      - "<STRIPE_VERSION>"
      Vary:
      - Origin
      X-Stripe-Priority-Routing-Enabled:
      - 'true'
      X-Stripe-Routing-Context-Priority-Tier:
      - api-testmode
      X-Wc:
      - ABGHIJ
      Strict-Transport-Security:
      - max-age=63072000; includeSubDomains; preload
    body:
      encoding: UTF-8
      string: |-
        {
          "id": "sub_1SjYrPH54PcLeqtYjQSwEB0f",
          "object": "subscription",
          "application": null,
          "application_fee_percent": null,
          "automatic_tax": {
            "disabled_reason": null,
            "enabled": false,
            "liability": null
          },
          "billing_cycle_anchor": 1766985555,
          "billing_cycle_anchor_config": null,
          "billing_mode": {
            "flexible": {
              "proration_discounts": "included"
            },
            "type": "flexible",
            "updated_at": 1766985555
          },
          "billing_thresholds": null,
          "cancel_at": null,
          "cancel_at_period_end": false,
          "canceled_at": null,
          "cancellation_details": {
            "comment": null,
            "feedback": null,
            "reason": null
          },
          "collection_method": "charge_automatically",
          "created": 1766985555,
          "currency": "usd",
          "customer": "cus_TgwkZApPxRRTLn",
          "customer_account": null,
          "days_until_due": null,
          "default_payment_method": null,
          "default_source": null,
          "default_tax_rates": [],
          "description": null,
          "discounts": [],
          "ended_at": null,
          "invoice_settings": {
            "account_tax_ids": null,
            "issuer": {
              "type": "self"
            }
          },
          "items": {
            "object": "list",
            "data": [
              {
                "id": "si_TgwkDQjFycc2Gi",
                "object": "subscription_item",
                "billing_thresholds": null,
                "created": 1766985556,
                "current_period_end": 1769663955,
                "current_period_start": 1766985555,
                "discounts": [],
                "metadata": {},
                "plan": {
                  "id": "price_1SjYrPH54PcLeqtYDAZtjB0h",
                  "object": "plan",
                  "active": true,
                  "amount": 2000,
                  "amount_decimal": "2000",
                  "billing_scheme": "per_unit",
                  "created": 1766985555,
                  "currency": "usd",
                  "interval": "month",
                  "interval_count": 1,
                  "livemode": false,
                  "metadata": {},
                  "meter": null,
                  "nickname": null,
                  "product": "prod_TgwkIN3d4Hc5Oy",
                  "tiers_mode": null,
                  "transform_usage": null,
                  "trial_period_days": null,
                  "usage_type": "licensed"
                },
                "price": {
                  "id": "price_1SjYrPH54PcLeqtYDAZtjB0h",
                  "object": "price",
                  "active": true,
                  "billing_scheme": "per_unit",
                  "created": 1766985555,
                  "currency": "usd",
                  "custom_unit_amount": null,
                  "livemode": false,
                  "lookup_key": null,
                  "metadata": {},
                  "nickname": null,
                  "product": "prod_TgwkIN3d4Hc5Oy",
                  "recurring": {
                    "interval": "month",
                    "interval_count": 1,
                    "meter": null,
                    "trial_period_days": null,
                    "usage_type": "licensed"
                  },
                  "tax_behavior": "unspecified",
                  "tiers_mode": null,
                  "transform_quantity": null,
                  "type": "recurring",
                  "unit_amount": 2000,
                  "unit_amount_decimal": "2000"
                },
                "quantity": 1,
                "subscription": "sub_1SjYrPH54PcLeqtYjQSwEB0f",
                "tax_rates": []
              }
            ],
            "has_more": false,
            "total_count": 1,
            "url": "/v1/subscription_items?subscription=sub_1SjYrPH54PcLeqtYjQSwEB0f"
          },
          "latest_invoice": "in_1SjYrPH54PcLeqtYCKP3b6rU",
          "livemode": false,
          "metadata": {},
          "next_pending_invoice_item_invoice": null,
          "on_behalf_of": null,
          "pause_collection": null,
          "payment_settings": {
            "payment_method_options": null,
            "payment_method_types": null,
            "save_default_payment_method": "off"
          },
          "pending_invoice_item_interval": null,
          "pending_setup_intent": null,
          "pending_update": null,
          "plan": {
            "id": "price_1SjYrPH54PcLeqtYDAZtjB0h",
            "object": "plan",
            "active": true,
            "amount": 2000,
            "amount_decimal": "2000",
            "billing_scheme": "per_unit",
            "created": 1766985555,
            "currency": "usd",
            "interval": "month",
            "interval_count": 1,
            "livemode": false,
            "metadata": {},
            "meter": null,
            "nickname": null,
            "product": "prod_TgwkIN3d4Hc5Oy",
            "tiers_mode": null,
            "transform_usage": null,
            "trial_period_days": null,
            "usage_type": "licensed"
          },
          "quantity": 1,
          "schedule": null,
          "start_date": 1766985555,
          "status": "active",
          "test_clock": null,
          "transfer_data": null,
          "trial_end": null,
          "trial_settings": {
            "end_behavior": {
              "missing_payment_method": "create_invoice"
            }
          },
          "trial_start": null
        }
  recorded_at: Mon, 29 Dec 2025 05:19:19 GMT
- request:
    method: get
    uri: https://api.stripe.com/v1/subscriptions/sub_1SjYrPH54PcLeqtYjQSwEB0f
    body:
      encoding: US-ASCII
      string: ''
    headers:
      User-Agent:
      - Stripe/v1 RubyBindings/17.2.0
      Authorization:
      - "<STRIPE_API_KEY>"
      X-Stripe-Client-Telemetry:
      - '{"last_request_metrics":{"request_id":"req_dtvmQBGnuplSdR","request_duration_ms":344}}'
      Stripe-Version:
      - "<STRIPE_VERSION>"
      X-Stripe-Client-User-Agent:
      - '{"bindings_version":"17.2.0","lang":"ruby","lang_version":"3.4.8 p72 (2025-12-17)","platform":"arm64-darwin25","engine":"ruby","publisher":"stripe","uname":"Darwin
        Tundra.local 25.3.0 Darwin Kernel Version 25.3.0: Fri Dec  5 23:10:12 PST
        2025; root:xnu-12377.80.260.0.1~42/RELEASE_ARM64_T6020 arm64","hostname":"Tundra.local"}'
      Accept-Encoding:
      - gzip;q=1.0,deflate;q=0.6,identity;q=0.3
      Accept:
      - "*/*"
  response:
    status:
      code: 200
      message: OK
    headers:
      Server:
      - nginx
      Date:
      - Mon, 29 Dec 2025 05:19:19 GMT
      Content-Type:
      - application/json
      Content-Length:
      - '4389'
      Connection:
      - keep-alive
      Access-Control-Allow-Credentials:
      - 'true'
      Access-Control-Allow-Methods:
      - GET, HEAD, PUT, PATCH, POST, DELETE
      Access-Control-Allow-Origin:
      - "*"
      Access-Control-Expose-Headers:
      - Request-Id, Stripe-Manage-Version, Stripe-Should-Retry, X-Stripe-External-Auth-Required,
        X-Stripe-Privileged-Session-Required
      Access-Control-Max-Age:
      - '300'
      Cache-Control:
      - no-cache, no-store
      Content-Security-Policy:
      - base-uri 'none'; default-src 'none'; form-action 'none'; frame-ancestors 'none';
        img-src 'self'; script-src 'self' 'report-sample'; style-src 'self'; worker-src
        'none'; upgrade-insecure-requests; report-uri https://q.stripe.com/csp-violation?q=pUwHNoVEvRpzgW47LWvIEwRFAsXVnNkNKtL2fwcwZDo7Rw9k_m6kYKn-9bdIF9s0SbIkSFmJFGN7qooh
      Stripe-Version:
      - "<STRIPE_VERSION>"
      Vary:
      - Origin
      X-Stripe-Priority-Routing-Enabled:
      - 'true'
      X-Stripe-Routing-Context-Priority-Tier:
      - api-testmode
      X-Wc:
      - ABGHIJ
      Strict-Transport-Security:
      - max-age=63072000; includeSubDomains; preload
    body:
      encoding: UTF-8
      string: |-
        {
          "id": "sub_1SjYrPH54PcLeqtYjQSwEB0f",
          "object": "subscription",
          "application": null,
          "application_fee_percent": null,
          "automatic_tax": {
            "disabled_reason": null,
            "enabled": false,
            "liability": null
          },
          "billing_cycle_anchor": 1766985555,
          "billing_cycle_anchor_config": null,
          "billing_mode": {
            "flexible": {
              "proration_discounts": "included"
            },
            "type": "flexible",
            "updated_at": 1766985555
          },
          "billing_thresholds": null,
          "cancel_at": null,
          "cancel_at_period_end": false,
          "canceled_at": null,
          "cancellation_details": {
            "comment": null,
            "feedback": null,
            "reason": null
          },
          "collection_method": "charge_automatically",
          "created": 1766985555,
          "currency": "usd",
          "customer": "cus_TgwkZApPxRRTLn",
          "customer_account": null,
          "days_until_due": null,
          "default_payment_method": null,
          "default_source": null,
          "default_tax_rates": [],
          "description": null,
          "discounts": [],
          "ended_at": null,
          "invoice_settings": {
            "account_tax_ids": null,
            "issuer": {
              "type": "self"
            }
          },
          "items": {
            "object": "list",
            "data": [
              {
                "id": "si_TgwkDQjFycc2Gi",
                "object": "subscription_item",
                "billing_thresholds": null,
                "created": 1766985556,
                "current_period_end": 1769663955,
                "current_period_start": 1766985555,
                "discounts": [],
                "metadata": {},
                "plan": {
                  "id": "price_1SjYrPH54PcLeqtYDAZtjB0h",
                  "object": "plan",
                  "active": true,
                  "amount": 2000,
                  "amount_decimal": "2000",
                  "billing_scheme": "per_unit",
                  "created": 1766985555,
                  "currency": "usd",
                  "interval": "month",
                  "interval_count": 1,
                  "livemode": false,
                  "metadata": {},
                  "meter": null,
                  "nickname": null,
                  "product": "prod_TgwkIN3d4Hc5Oy",
                  "tiers_mode": null,
                  "transform_usage": null,
                  "trial_period_days": null,
                  "usage_type": "licensed"
                },
                "price": {
                  "id": "price_1SjYrPH54PcLeqtYDAZtjB0h",
                  "object": "price",
                  "active": true,
                  "billing_scheme": "per_unit",
                  "created": 1766985555,
                  "currency": "usd",
                  "custom_unit_amount": null,
                  "livemode": false,
                  "lookup_key": null,
                  "metadata": {},
                  "nickname": null,
                  "product": "prod_TgwkIN3d4Hc5Oy",
                  "recurring": {
                    "interval": "month",
                    "interval_count": 1,
                    "meter": null,
                    "trial_period_days": null,
                    "usage_type": "licensed"
                  },
                  "tax_behavior": "unspecified",
                  "tiers_mode": null,
                  "transform_quantity": null,
                  "type": "recurring",
                  "unit_amount": 2000,
                  "unit_amount_decimal": "2000"
                },
                "quantity": 1,
                "subscription": "sub_1SjYrPH54PcLeqtYjQSwEB0f",
                "tax_rates": []
              }
            ],
            "has_more": false,
            "total_count": 1,
            "url": "/v1/subscription_items?subscription=sub_1SjYrPH54PcLeqtYjQSwEB0f"
          },
          "latest_invoice": "in_1SjYrPH54PcLeqtYCKP3b6rU",
          "livemode": false,
          "metadata": {},
          "next_pending_invoice_item_invoice": null,
          "on_behalf_of": null,
          "pause_collection": null,
          "payment_settings": {
            "payment_method_options": null,
            "payment_method_types": null,
            "save_default_payment_method": "off"
          },
          "pending_invoice_item_interval": null,
          "pending_setup_intent": null,
          "pending_update": null,
          "plan": {
            "id": "price_1SjYrPH54PcLeqtYDAZtjB0h",
            "object": "plan",
            "active": true,
            "amount": 2000,
            "amount_decimal": "2000",
            "billing_scheme": "per_unit",
            "created": 1766985555,
            "currency": "usd",
            "interval": "month",
            "interval_count": 1,
            "livemode": false,
            "metadata": {},
            "meter": null,
            "nickname": null,
            "product": "prod_TgwkIN3d4Hc5Oy",
            "tiers_mode": null,
            "transform_usage": null,
            "trial_period_days": null,
            "usage_type": "licensed"
          },
          "quantity": 1,
          "schedule": null,
          "start_date": 1766985555,
          "status": "active",
          "test_clock": null,
          "transfer_data": null,
          "trial_end": null,
          "trial_settings": {
            "end_behavior": {
              "missing_payment_method": "create_invoice"
            }
          },
          "trial_start": null
        }
  recorded_at: Mon, 29 Dec 2025 05:19:19 GMT
- request:
    method: delete
    uri: https://api.stripe.com/v1/customers/cus_TgwkZApPxRRTLn
    body:
      encoding: US-ASCII
      string: ''
    headers:
      User-Agent:
      - Stripe/v1 RubyBindings/17.2.0
      Authorization:
      - "<STRIPE_API_KEY>"
      X-Stripe-Client-Telemetry:
      - '{"last_request_metrics":{"request_id":"req_Ngnly6WiivsUZe","request_duration_ms":337}}'
      Stripe-Version:
      - "<STRIPE_VERSION>"
      X-Stripe-Client-User-Agent:
      - '{"bindings_version":"17.2.0","lang":"ruby","lang_version":"3.4.8 p72 (2025-12-17)","platform":"arm64-darwin25","engine":"ruby","publisher":"stripe","uname":"Darwin
        Tundra.local 25.3.0 Darwin Kernel Version 25.3.0: Fri Dec  5 23:10:12 PST
        2025; root:xnu-12377.80.260.0.1~42/RELEASE_ARM64_T6020 arm64","hostname":"Tundra.local"}'
      Accept-Encoding:
      - gzip;q=1.0,deflate;q=0.6,identity;q=0.3
      Accept:
      - "*/*"
  response:
    status:
      code: 200
      message: OK
    headers:
      Server:
      - nginx
      Date:
      - Mon, 29 Dec 2025 05:19:20 GMT
      Content-Type:
      - application/json
      Content-Length:
      - '75'
      Connection:
      - keep-alive
      Access-Control-Allow-Credentials:
      - 'true'
      Access-Control-Allow-Methods:
      - GET, HEAD, PUT, PATCH, POST, DELETE
      Access-Control-Allow-Origin:
      - "*"
      Access-Control-Expose-Headers:
      - Request-Id, Stripe-Manage-Version, Stripe-Should-Retry, X-Stripe-External-Auth-Required,
        X-Stripe-Privileged-Session-Required
      Access-Control-Max-Age:
      - '300'
      Cache-Control:
      - no-cache, no-store
      Content-Security-Policy:
      - base-uri 'none'; default-src 'none'; form-action 'none'; frame-ancestors 'none';
        img-src 'self'; script-src 'self' 'report-sample'; style-src 'self'; worker-src
        'none'; upgrade-insecure-requests; report-uri https://q.stripe.com/csp-violation?q=pUwHNoVEvRpzgW47LWvIEwRFAsXVnNkNKtL2fwcwZDo7Rw9k_m6kYKn-9bdIF9s0SbIkSFmJFGN7qooh
      Stripe-Version:
      - "<STRIPE_VERSION>"
      Vary:
      - Origin
      X-Stripe-Priority-Routing-Enabled:
      - 'true'
      X-Stripe-Routing-Context-Priority-Tier:
      - api-testmode
      X-Wc:
      - ABGHIJ
      Strict-Transport-Security:
      - max-age=63072000; includeSubDomains; preload
    body:
      encoding: UTF-8
      string: |-
        {
          "id": "cus_TgwkZApPxRRTLn",
          "object": "customer",
          "deleted": true
        }
  recorded_at: Mon, 29 Dec 2025 05:19:20 GMT
recorded_with: VCR 6.3.1
