---
http_interactions:
- request:
    method: get
    uri: https://api.stripe.com/v1/products/prod_TfaNmphixsQuOI
    body:
      encoding: US-ASCII
      string: ''
    headers:
      User-Agent:
      - Stripe/v1 RubyBindings/17.2.0
      Authorization:
      - "<STRIPE_API_KEY>"
      X-Stripe-Client-Telemetry:
      - '{"last_request_metrics":{"request_id":"req_7TKSZACoTz9m84","request_duration_ms":214}}'
      Stripe-Version:
      - "<STRIPE_VERSION>"
      X-Stripe-Client-User-Agent:
      - '{"bindings_version":"17.2.0","lang":"ruby","lang_version":"3.4.7 p58 (2025-10-08)","platform":"arm64-darwin25","engine":"ruby","publisher":"stripe","uname":"Darwin
        Tundra.local 25.3.0 Darwin Kernel Version 25.3.0: Fri Dec  5 23:10:12 PST
        2025; root:xnu-12377.80.260.0.1~42/RELEASE_ARM64_T6020 arm64","hostname":"Tundra.local"}'
      Accept-Encoding:
      - gzip;q=1.0,deflate;q=0.6,identity;q=0.3
      Accept:
      - "*/*"
  response:
    status:
      code: 200
      message: OK
    headers:
      Server:
      - nginx
      Date:
      - Thu, 25 Dec 2025 14:07:56 GMT
      Content-Type:
      - application/json
      Content-Length:
      - '476'
      Connection:
      - keep-alive
      Access-Control-Allow-Credentials:
      - 'true'
      Access-Control-Allow-Methods:
      - GET, HEAD, PUT, PATCH, POST, DELETE
      Access-Control-Allow-Origin:
      - "*"
      Access-Control-Expose-Headers:
      - Request-Id, Stripe-Manage-Version, Stripe-Should-Retry, X-Stripe-External-Auth-Required,
        X-Stripe-Privileged-Session-Required
      Access-Control-Max-Age:
      - '300'
      Cache-Control:
      - no-cache, no-store
      Content-Security-Policy:
      - base-uri 'none'; default-src 'none'; form-action 'none'; frame-ancestors 'none';
        img-src 'self'; script-src 'self' 'report-sample'; style-src 'self'; worker-src
        'none'; upgrade-insecure-requests; report-uri https://q.stripe.com/csp-violation?q=myBr4yVD9-ZRxZW0S7_6GfhkaJ0VpGp-wQDODj79qY7k9o5an_-TDz6krHzeBHr9Yotjo-qxA8V3QbDr
      Stripe-Version:
      - "<STRIPE_VERSION>"
      Vary:
      - Origin
      X-Stripe-Priority-Routing-Enabled:
      - 'true'
      X-Stripe-Routing-Context-Priority-Tier:
      - api-testmode
      X-Wc:
      - ABGHIJ
      Strict-Transport-Security:
      - max-age=63072000; includeSubDomains; preload
    body:
      encoding: UTF-8
      string: |-
        {
          "id": "prod_TfaNmphixsQuOI",
          "object": "product",
          "active": true,
          "attributes": [],
          "created": 1766671676,
          "default_price": null,
          "description": null,
          "images": [],
          "livemode": false,
          "marketing_features": [],
          "metadata": {},
          "name": "Confirmation Required Test",
          "package_dimensions": null,
          "shippable": null,
          "statement_descriptor": null,
          "tax_code": null,
          "type": "service",
          "unit_label": null,
          "updated": 1766671676,
          "url": null
        }
  recorded_at: Thu, 25 Dec 2025 14:07:56 GMT
- request:
    method: delete
    uri: https://api.stripe.com/v1/products/prod_TfaNmphixsQuOI
    body:
      encoding: US-ASCII
      string: ''
    headers:
      User-Agent:
      - Stripe/v1 RubyBindings/17.2.0
      Authorization:
      - "<STRIPE_API_KEY>"
      X-Stripe-Client-Telemetry:
      - '{"last_request_metrics":{"request_id":"req_mx27C1LOc7tCzm","request_duration_ms":117}}'
      Stripe-Version:
      - "<STRIPE_VERSION>"
      X-Stripe-Client-User-Agent:
      - '{"bindings_version":"17.2.0","lang":"ruby","lang_version":"3.4.7 p58 (2025-10-08)","platform":"arm64-darwin25","engine":"ruby","publisher":"stripe","uname":"Darwin
        Tundra.local 25.3.0 Darwin Kernel Version 25.3.0: Fri Dec  5 23:10:12 PST
        2025; root:xnu-12377.80.260.0.1~42/RELEASE_ARM64_T6020 arm64","hostname":"Tundra.local"}'
      Accept-Encoding:
      - gzip;q=1.0,deflate;q=0.6,identity;q=0.3
      Accept:
      - "*/*"
  response:
    status:
      code: 200
      message: OK
    headers:
      Server:
      - nginx
      Date:
      - Thu, 25 Dec 2025 14:07:56 GMT
      Content-Type:
      - application/json
      Content-Length:
      - '75'
      Connection:
      - keep-alive
      Access-Control-Allow-Credentials:
      - 'true'
      Access-Control-Allow-Methods:
      - GET, HEAD, PUT, PATCH, POST, DELETE
      Access-Control-Allow-Origin:
      - "*"
      Access-Control-Expose-Headers:
      - Request-Id, Stripe-Manage-Version, Stripe-Should-Retry, X-Stripe-External-Auth-Required,
        X-Stripe-Privileged-Session-Required
      Access-Control-Max-Age:
      - '300'
      Cache-Control:
      - no-cache, no-store
      Content-Security-Policy:
      - base-uri 'none'; default-src 'none'; form-action 'none'; frame-ancestors 'none';
        img-src 'self'; script-src 'self' 'report-sample'; style-src 'self'; worker-src
        'none'; upgrade-insecure-requests; report-uri https://q.stripe.com/csp-violation?q=myBr4yVD9-ZRxZW0S7_6GfhkaJ0VpGp-wQDODj79qY7k9o5an_-TDz6krHzeBHr9Yotjo-qxA8V3QbDr
      Stripe-Version:
      - "<STRIPE_VERSION>"
      Vary:
      - Origin
      X-Stripe-Priority-Routing-Enabled:
      - 'true'
      X-Stripe-Routing-Context-Priority-Tier:
      - api-testmode
      X-Wc:
      - ABGHIJ
      Strict-Transport-Security:
      - max-age=63072000; includeSubDomains; preload
    body:
      encoding: UTF-8
      string: |-
        {
          "id": "prod_TfaNmphixsQuOI",
          "object": "product",
          "deleted": true
        }
  recorded_at: Thu, 25 Dec 2025 14:07:56 GMT
- request:
    method: post
    uri: https://api.stripe.com/v1/products
    body:
      encoding: UTF-8
      string: name=Confirmation+Required+Test
    headers:
      User-Agent:
      - Stripe/v1 RubyBindings/17.2.0
      Authorization:
      - "<STRIPE_API_KEY>"
      X-Stripe-Client-Telemetry:
      - '{"last_request_metrics":{"request_id":"req_fGX9v3xuBWmkbB","request_duration_ms":402}}'
      Idempotency-Key:
      - 1766985691-9a1b7b3f-c9f0-4280-8a29-1877d7d920b3
      Stripe-Version:
      - "<STRIPE_VERSION>"
      X-Stripe-Client-User-Agent:
      - '{"bindings_version":"17.2.0","lang":"ruby","lang_version":"3.4.8 p72 (2025-12-17)","platform":"arm64-darwin25","engine":"ruby","publisher":"stripe","uname":"Darwin
        Tundra.local 25.3.0 Darwin Kernel Version 25.3.0: Fri Dec  5 23:10:12 PST
        2025; root:xnu-12377.80.260.0.1~42/RELEASE_ARM64_T6020 arm64","hostname":"Tundra.local"}'
      Content-Type:
      - application/x-www-form-urlencoded
      Accept-Encoding:
      - gzip;q=1.0,deflate;q=0.6,identity;q=0.3
      Accept:
      - "*/*"
  response:
    status:
      code: 200
      message: OK
    headers:
      Server:
      - nginx
      Date:
      - Mon, 29 Dec 2025 05:21:32 GMT
      Content-Type:
      - application/json
      Content-Length:
      - '476'
      Connection:
      - keep-alive
      Access-Control-Allow-Credentials:
      - 'true'
      Access-Control-Allow-Methods:
      - GET, HEAD, PUT, PATCH, POST, DELETE
      Access-Control-Allow-Origin:
      - "*"
      Access-Control-Expose-Headers:
      - Request-Id, Stripe-Manage-Version, Stripe-Should-Retry, X-Stripe-External-Auth-Required,
        X-Stripe-Privileged-Session-Required
      Access-Control-Max-Age:
      - '300'
      Cache-Control:
      - no-cache, no-store
      Content-Security-Policy:
      - base-uri 'none'; default-src 'none'; form-action 'none'; frame-ancestors 'none';
        img-src 'self'; script-src 'self' 'report-sample'; style-src 'self'; worker-src
        'none'; upgrade-insecure-requests; report-uri https://q.stripe.com/csp-violation?q=pUwHNoVEvRpzgW47LWvIEwRFAsXVnNkNKtL2fwcwZDo7Rw9k_m6kYKn-9bdIF9s0SbIkSFmJFGN7qooh
      Idempotency-Key:
      - 1766985691-9a1b7b3f-c9f0-4280-8a29-1877d7d920b3
      Original-Request:
      - req_s5n4h4HujVhXQH
      Stripe-Should-Retry:
      - 'false'
      Stripe-Version:
      - "<STRIPE_VERSION>"
      Vary:
      - Origin
      X-Stripe-Priority-Routing-Enabled:
      - 'true'
      X-Stripe-Routing-Context-Priority-Tier:
      - api-testmode
      X-Wc:
      - ABGHIJ
      Strict-Transport-Security:
      - max-age=63072000; includeSubDomains; preload
    body:
      encoding: UTF-8
      string: |-
        {
          "id": "prod_TgwnxbV60ZTVJw",
          "object": "product",
          "active": true,
          "attributes": [],
          "created": 1766985692,
          "default_price": null,
          "description": null,
          "images": [],
          "livemode": false,
          "marketing_features": [],
          "metadata": {},
          "name": "Confirmation Required Test",
          "package_dimensions": null,
          "shippable": null,
          "statement_descriptor": null,
          "tax_code": null,
          "type": "service",
          "unit_label": null,
          "updated": 1766985692,
          "url": null
        }
  recorded_at: Mon, 29 Dec 2025 05:21:32 GMT
- request:
    method: get
    uri: https://api.stripe.com/v1/products/prod_TgwnxbV60ZTVJw
    body:
      encoding: US-ASCII
      string: ''
    headers:
      User-Agent:
      - Stripe/v1 RubyBindings/17.2.0
      Authorization:
      - "<STRIPE_API_KEY>"
      X-Stripe-Client-Telemetry:
      - '{"last_request_metrics":{"request_id":"req_s5n4h4HujVhXQH","request_duration_ms":757}}'
      Stripe-Version:
      - "<STRIPE_VERSION>"
      X-Stripe-Client-User-Agent:
      - '{"bindings_version":"17.2.0","lang":"ruby","lang_version":"3.4.8 p72 (2025-12-17)","platform":"arm64-darwin25","engine":"ruby","publisher":"stripe","uname":"Darwin
        Tundra.local 25.3.0 Darwin Kernel Version 25.3.0: Fri Dec  5 23:10:12 PST
        2025; root:xnu-12377.80.260.0.1~42/RELEASE_ARM64_T6020 arm64","hostname":"Tundra.local"}'
      Accept-Encoding:
      - gzip;q=1.0,deflate;q=0.6,identity;q=0.3
      Accept:
      - "*/*"
  response:
    status:
      code: 200
      message: OK
    headers:
      Server:
      - nginx
      Date:
      - Mon, 29 Dec 2025 05:21:32 GMT
      Content-Type:
      - application/json
      Content-Length:
      - '476'
      Connection:
      - keep-alive
      Access-Control-Allow-Credentials:
      - 'true'
      Access-Control-Allow-Methods:
      - GET, HEAD, PUT, PATCH, POST, DELETE
      Access-Control-Allow-Origin:
      - "*"
      Access-Control-Expose-Headers:
      - Request-Id, Stripe-Manage-Version, Stripe-Should-Retry, X-Stripe-External-Auth-Required,
        X-Stripe-Privileged-Session-Required
      Access-Control-Max-Age:
      - '300'
      Cache-Control:
      - no-cache, no-store
      Content-Security-Policy:
      - base-uri 'none'; default-src 'none'; form-action 'none'; frame-ancestors 'none';
        img-src 'self'; script-src 'self' 'report-sample'; style-src 'self'; worker-src
        'none'; upgrade-insecure-requests; report-uri https://q.stripe.com/csp-violation?q=pUwHNoVEvRpzgW47LWvIEwRFAsXVnNkNKtL2fwcwZDo7Rw9k_m6kYKn-9bdIF9s0SbIkSFmJFGN7qooh
      Stripe-Version:
      - "<STRIPE_VERSION>"
      Vary:
      - Origin
      X-Stripe-Priority-Routing-Enabled:
      - 'true'
      X-Stripe-Routing-Context-Priority-Tier:
      - api-testmode
      X-Wc:
      - ABGHIJ
      Strict-Transport-Security:
      - max-age=63072000; includeSubDomains; preload
    body:
      encoding: UTF-8
      string: |-
        {
          "id": "prod_TgwnxbV60ZTVJw",
          "object": "product",
          "active": true,
          "attributes": [],
          "created": 1766985692,
          "default_price": null,
          "description": null,
          "images": [],
          "livemode": false,
          "marketing_features": [],
          "metadata": {},
          "name": "Confirmation Required Test",
          "package_dimensions": null,
          "shippable": null,
          "statement_descriptor": null,
          "tax_code": null,
          "type": "service",
          "unit_label": null,
          "updated": 1766985692,
          "url": null
        }
  recorded_at: Mon, 29 Dec 2025 05:21:32 GMT
recorded_with: VCR 6.3.1
