---
http_interactions:
- request:
    method: post
    uri: https://api.stripe.com/v1/customers
    body:
      encoding: UTF-8
      string: email=invoice-test%40example.com
    headers:
      User-Agent:
      - Stripe/v1 RubyBindings/17.2.0
      Authorization:
      - "<STRIPE_API_KEY>"
      X-Stripe-Client-Telemetry:
      - '{"last_request_metrics":{"request_id":"req_Go0Pqrn3GaFUVo","request_duration_ms":604}}'
      Idempotency-Key:
      - 1766671626-3a447aa7-75d5-47a7-b781-5197d2226c0c
      Stripe-Version:
      - "<STRIPE_VERSION>"
      X-Stripe-Client-User-Agent:
      - '{"bindings_version":"17.2.0","lang":"ruby","lang_version":"3.4.7 p58 (2025-10-08)","platform":"arm64-darwin25","engine":"ruby","publisher":"stripe","uname":"Darwin
        Tundra.local 25.3.0 Darwin Kernel Version 25.3.0: Fri Dec  5 23:10:12 PST
        2025; root:xnu-12377.80.260.0.1~42/RELEASE_ARM64_T6020 arm64","hostname":"Tundra.local"}'
      Content-Type:
      - application/x-www-form-urlencoded
      Accept-Encoding:
      - gzip;q=1.0,deflate;q=0.6,identity;q=0.3
      Accept:
      - "*/*"
  response:
    status:
      code: 200
      message: OK
    headers:
      Server:
      - nginx
      Date:
      - Thu, 25 Dec 2025 14:07:06 GMT
      Content-Type:
      - application/json
      Content-Length:
      - '664'
      Connection:
      - keep-alive
      Access-Control-Allow-Credentials:
      - 'true'
      Access-Control-Allow-Methods:
      - GET, HEAD, PUT, PATCH, POST, DELETE
      Access-Control-Allow-Origin:
      - "*"
      Access-Control-Expose-Headers:
      - Request-Id, Stripe-Manage-Version, Stripe-Should-Retry, X-Stripe-External-Auth-Required,
        X-Stripe-Privileged-Session-Required
      Access-Control-Max-Age:
      - '300'
      Cache-Control:
      - no-cache, no-store
      Content-Security-Policy:
      - base-uri 'none'; default-src 'none'; form-action 'none'; frame-ancestors 'none';
        img-src 'self'; script-src 'self' 'report-sample'; style-src 'self'; worker-src
        'none'; upgrade-insecure-requests; report-uri https://q.stripe.com/csp-violation?q=g7BvUVf54KdcROttIn2OtY5v8tt7gI1USDSHFjve36Dp4m4TTg1k7wN_AaTFCqaSbgGRMMJOGJNlR5eI
      Idempotency-Key:
      - 1766671626-3a447aa7-75d5-47a7-b781-5197d2226c0c
      Original-Request:
      - req_oQCDPQFHpOeI5D
      Stripe-Should-Retry:
      - 'false'
      Stripe-Version:
      - "<STRIPE_VERSION>"
      Vary:
      - Origin
      X-Stripe-Priority-Routing-Enabled:
      - 'true'
      X-Stripe-Routing-Context-Priority-Tier:
      - api-testmode
      X-Wc:
      - ABGHIJ
      Strict-Transport-Security:
      - max-age=63072000; includeSubDomains; preload
    body:
      encoding: UTF-8
      string: |-
        {
          "id": "cus_TfaMvlW8yzX6pE",
          "object": "customer",
          "address": null,
          "balance": 0,
          "created": 1766671626,
          "currency": null,
          "customer_account": null,
          "default_source": null,
          "delinquent": false,
          "description": null,
          "discount": null,
          "email": "invoice-test@example.com",
          "invoice_prefix": "ZEWO9GTY",
          "invoice_settings": {
            "custom_fields": null,
            "default_payment_method": null,
            "footer": null,
            "rendering_options": null
          },
          "livemode": false,
          "metadata": {},
          "name": null,
          "next_invoice_sequence": 1,
          "phone": null,
          "preferred_locales": [],
          "shipping": null,
          "tax_exempt": "none",
          "test_clock": null
        }
  recorded_at: Thu, 25 Dec 2025 14:07:06 GMT
- request:
    method: post
    uri: https://api.stripe.com/v1/products
    body:
      encoding: UTF-8
      string: name=VCR+Test+Product
    headers:
      User-Agent:
      - Stripe/v1 RubyBindings/17.2.0
      Authorization:
      - "<STRIPE_API_KEY>"
      X-Stripe-Client-Telemetry:
      - '{"last_request_metrics":{"request_id":"req_oQCDPQFHpOeI5D","request_duration_ms":245}}'
      Idempotency-Key:
      - 1766671626-06bc8c08-3412-4155-af00-5b2122ed2cf9
      Stripe-Version:
      - "<STRIPE_VERSION>"
      X-Stripe-Client-User-Agent:
      - '{"bindings_version":"17.2.0","lang":"ruby","lang_version":"3.4.7 p58 (2025-10-08)","platform":"arm64-darwin25","engine":"ruby","publisher":"stripe","uname":"Darwin
        Tundra.local 25.3.0 Darwin Kernel Version 25.3.0: Fri Dec  5 23:10:12 PST
        2025; root:xnu-12377.80.260.0.1~42/RELEASE_ARM64_T6020 arm64","hostname":"Tundra.local"}'
      Content-Type:
      - application/x-www-form-urlencoded
      Accept-Encoding:
      - gzip;q=1.0,deflate;q=0.6,identity;q=0.3
      Accept:
      - "*/*"
  response:
    status:
      code: 200
      message: OK
    headers:
      Server:
      - nginx
      Date:
      - Thu, 25 Dec 2025 14:07:07 GMT
      Content-Type:
      - application/json
      Content-Length:
      - '466'
      Connection:
      - keep-alive
      Access-Control-Allow-Credentials:
      - 'true'
      Access-Control-Allow-Methods:
      - GET, HEAD, PUT, PATCH, POST, DELETE
      Access-Control-Allow-Origin:
      - "*"
      Access-Control-Expose-Headers:
      - Request-Id, Stripe-Manage-Version, Stripe-Should-Retry, X-Stripe-External-Auth-Required,
        X-Stripe-Privileged-Session-Required
      Access-Control-Max-Age:
      - '300'
      Cache-Control:
      - no-cache, no-store
      Content-Security-Policy:
      - base-uri 'none'; default-src 'none'; form-action 'none'; frame-ancestors 'none';
        img-src 'self'; script-src 'self' 'report-sample'; style-src 'self'; worker-src
        'none'; upgrade-insecure-requests; report-uri https://q.stripe.com/csp-violation?q=g7BvUVf54KdcROttIn2OtY5v8tt7gI1USDSHFjve36Dp4m4TTg1k7wN_AaTFCqaSbgGRMMJOGJNlR5eI
      Idempotency-Key:
      - 1766671626-06bc8c08-3412-4155-af00-5b2122ed2cf9
      Original-Request:
      - req_0VE7qm3gsZvU10
      Stripe-Should-Retry:
      - 'false'
      Stripe-Version:
      - "<STRIPE_VERSION>"
      Vary:
      - Origin
      X-Stripe-Priority-Routing-Enabled:
      - 'true'
      X-Stripe-Routing-Context-Priority-Tier:
      - api-testmode
      X-Wc:
      - ABGHIJ
      Strict-Transport-Security:
      - max-age=63072000; includeSubDomains; preload
    body:
      encoding: UTF-8
      string: |-
        {
          "id": "prod_TfaMaOR7KBoBQA",
          "object": "product",
          "active": true,
          "attributes": [],
          "created": 1766671627,
          "default_price": null,
          "description": null,
          "images": [],
          "livemode": false,
          "marketing_features": [],
          "metadata": {},
          "name": "VCR Test Product",
          "package_dimensions": null,
          "shippable": null,
          "statement_descriptor": null,
          "tax_code": null,
          "type": "service",
          "unit_label": null,
          "updated": 1766671627,
          "url": null
        }
  recorded_at: Thu, 25 Dec 2025 14:07:07 GMT
- request:
    method: post
    uri: https://api.stripe.com/v1/prices
    body:
      encoding: UTF-8
      string: unit_amount=5000&currency=usd&product=prod_TfaMaOR7KBoBQA
    headers:
      User-Agent:
      - Stripe/v1 RubyBindings/17.2.0
      Authorization:
      - "<STRIPE_API_KEY>"
      X-Stripe-Client-Telemetry:
      - '{"last_request_metrics":{"request_id":"req_0VE7qm3gsZvU10","request_duration_ms":195}}'
      Idempotency-Key:
      - 1766671627-2e2afcce-6f43-4f8f-9219-be74db300103
      Stripe-Version:
      - "<STRIPE_VERSION>"
      X-Stripe-Client-User-Agent:
      - '{"bindings_version":"17.2.0","lang":"ruby","lang_version":"3.4.7 p58 (2025-10-08)","platform":"arm64-darwin25","engine":"ruby","publisher":"stripe","uname":"Darwin
        Tundra.local 25.3.0 Darwin Kernel Version 25.3.0: Fri Dec  5 23:10:12 PST
        2025; root:xnu-12377.80.260.0.1~42/RELEASE_ARM64_T6020 arm64","hostname":"Tundra.local"}'
      Content-Type:
      - application/x-www-form-urlencoded
      Accept-Encoding:
      - gzip;q=1.0,deflate;q=0.6,identity;q=0.3
      Accept:
      - "*/*"
  response:
    status:
      code: 200
      message: OK
    headers:
      Server:
      - nginx
      Date:
      - Thu, 25 Dec 2025 14:07:07 GMT
      Content-Type:
      - application/json
      Content-Length:
      - '492'
      Connection:
      - keep-alive
      Access-Control-Allow-Credentials:
      - 'true'
      Access-Control-Allow-Methods:
      - GET, HEAD, PUT, PATCH, POST, DELETE
      Access-Control-Allow-Origin:
      - "*"
      Access-Control-Expose-Headers:
      - Request-Id, Stripe-Manage-Version, Stripe-Should-Retry, X-Stripe-External-Auth-Required,
        X-Stripe-Privileged-Session-Required
      Access-Control-Max-Age:
      - '300'
      Cache-Control:
      - no-cache, no-store
      Content-Security-Policy:
      - base-uri 'none'; default-src 'none'; form-action 'none'; frame-ancestors 'none';
        img-src 'self'; script-src 'self' 'report-sample'; style-src 'self'; worker-src
        'none'; upgrade-insecure-requests; report-uri https://q.stripe.com/csp-violation?q=g7BvUVf54KdcROttIn2OtY5v8tt7gI1USDSHFjve36Dp4m4TTg1k7wN_AaTFCqaSbgGRMMJOGJNlR5eI
      Idempotency-Key:
      - 1766671627-2e2afcce-6f43-4f8f-9219-be74db300103
      Original-Request:
      - req_QW5Fc9kzWy4MaF
      Stripe-Should-Retry:
      - 'false'
      Stripe-Version:
      - "<STRIPE_VERSION>"
      Vary:
      - Origin
      X-Stripe-Priority-Routing-Enabled:
      - 'true'
      X-Stripe-Routing-Context-Priority-Tier:
      - api-testmode
      X-Wc:
      - ABGHIJ
      Strict-Transport-Security:
      - max-age=63072000; includeSubDomains; preload
    body:
      encoding: UTF-8
      string: |-
        {
          "id": "price_1SiFC3H54PcLeqtYDujn0c3s",
          "object": "price",
          "active": true,
          "billing_scheme": "per_unit",
          "created": 1766671627,
          "currency": "usd",
          "custom_unit_amount": null,
          "livemode": false,
          "lookup_key": null,
          "metadata": {},
          "nickname": null,
          "product": "prod_TfaMaOR7KBoBQA",
          "recurring": null,
          "tax_behavior": "unspecified",
          "tiers_mode": null,
          "transform_quantity": null,
          "type": "one_time",
          "unit_amount": 5000,
          "unit_amount_decimal": "5000"
        }
  recorded_at: Thu, 25 Dec 2025 14:07:07 GMT
- request:
    method: post
    uri: https://api.stripe.com/v1/invoiceitems
    body:
      encoding: UTF-8
      string: customer=cus_TfaMvlW8yzX6pE&pricing[price]=price_1SiFC3H54PcLeqtYDujn0c3s
    headers:
      User-Agent:
      - Stripe/v1 RubyBindings/17.2.0
      Authorization:
      - "<STRIPE_API_KEY>"
      X-Stripe-Client-Telemetry:
      - '{"last_request_metrics":{"request_id":"req_QW5Fc9kzWy4MaF","request_duration_ms":245}}'
      Idempotency-Key:
      - 1766671627-f8a9ba29-2762-4357-996c-6af6992959a9
      Stripe-Version:
      - "<STRIPE_VERSION>"
      X-Stripe-Client-User-Agent:
      - '{"bindings_version":"17.2.0","lang":"ruby","lang_version":"3.4.7 p58 (2025-10-08)","platform":"arm64-darwin25","engine":"ruby","publisher":"stripe","uname":"Darwin
        Tundra.local 25.3.0 Darwin Kernel Version 25.3.0: Fri Dec  5 23:10:12 PST
        2025; root:xnu-12377.80.260.0.1~42/RELEASE_ARM64_T6020 arm64","hostname":"Tundra.local"}'
      Content-Type:
      - application/x-www-form-urlencoded
      Accept-Encoding:
      - gzip;q=1.0,deflate;q=0.6,identity;q=0.3
      Accept:
      - "*/*"
  response:
    status:
      code: 200
      message: OK
    headers:
      Server:
      - nginx
      Date:
      - Thu, 25 Dec 2025 14:07:07 GMT
      Content-Type:
      - application/json
      Content-Length:
      - '696'
      Connection:
      - keep-alive
      Access-Control-Allow-Credentials:
      - 'true'
      Access-Control-Allow-Methods:
      - GET, HEAD, PUT, PATCH, POST, DELETE
      Access-Control-Allow-Origin:
      - "*"
      Access-Control-Expose-Headers:
      - Request-Id, Stripe-Manage-Version, Stripe-Should-Retry, X-Stripe-External-Auth-Required,
        X-Stripe-Privileged-Session-Required
      Access-Control-Max-Age:
      - '300'
      Cache-Control:
      - no-cache, no-store
      Content-Security-Policy:
      - base-uri 'none'; default-src 'none'; form-action 'none'; frame-ancestors 'none';
        img-src 'self'; script-src 'self' 'report-sample'; style-src 'self'; worker-src
        'none'; upgrade-insecure-requests; report-uri https://q.stripe.com/csp-violation?q=g7BvUVf54KdcROttIn2OtY5v8tt7gI1USDSHFjve36Dp4m4TTg1k7wN_AaTFCqaSbgGRMMJOGJNlR5eI
      Idempotency-Key:
      - 1766671627-f8a9ba29-2762-4357-996c-6af6992959a9
      Original-Request:
      - req_eKJfkFUSZucqnL
      Stripe-Should-Retry:
      - 'false'
      Stripe-Version:
      - "<STRIPE_VERSION>"
      Vary:
      - Origin
      X-Stripe-Priority-Routing-Enabled:
      - 'true'
      X-Stripe-Routing-Context-Priority-Tier:
      - api-testmode
      X-Wc:
      - ABGHIJ
      Strict-Transport-Security:
      - max-age=63072000; includeSubDomains; preload
    body:
      encoding: UTF-8
      string: |-
        {
          "id": "ii_1SiFC3H54PcLeqtYy8ZVnmxR",
          "object": "invoiceitem",
          "amount": 5000,
          "currency": "usd",
          "customer": "cus_TfaMvlW8yzX6pE",
          "customer_account": null,
          "date": 1766671627,
          "description": "VCR Test Product",
          "discountable": true,
          "discounts": [],
          "invoice": null,
          "livemode": false,
          "metadata": {},
          "parent": null,
          "period": {
            "end": 1766671627,
            "start": 1766671627
          },
          "pricing": {
            "price_details": {
              "price": "price_1SiFC3H54PcLeqtYDujn0c3s",
              "product": "prod_TfaMaOR7KBoBQA"
            },
            "type": "price_details",
            "unit_amount_decimal": "5000"
          },
          "proration": false,
          "quantity": 1,
          "tax_rates": [],
          "test_clock": null
        }
  recorded_at: Thu, 25 Dec 2025 14:07:07 GMT
- request:
    method: post
    uri: https://api.stripe.com/v1/invoices
    body:
      encoding: UTF-8
      string: customer=cus_TfaMvlW8yzX6pE&auto_advance=false
    headers:
      User-Agent:
      - Stripe/v1 RubyBindings/17.2.0
      Authorization:
      - "<STRIPE_API_KEY>"
      X-Stripe-Client-Telemetry:
      - '{"last_request_metrics":{"request_id":"req_eKJfkFUSZucqnL","request_duration_ms":251}}'
      Idempotency-Key:
      - 1766671627-e56e3de9-2a30-483d-9e55-26cc353baaff
      Stripe-Version:
      - "<STRIPE_VERSION>"
      X-Stripe-Client-User-Agent:
      - '{"bindings_version":"17.2.0","lang":"ruby","lang_version":"3.4.7 p58 (2025-10-08)","platform":"arm64-darwin25","engine":"ruby","publisher":"stripe","uname":"Darwin
        Tundra.local 25.3.0 Darwin Kernel Version 25.3.0: Fri Dec  5 23:10:12 PST
        2025; root:xnu-12377.80.260.0.1~42/RELEASE_ARM64_T6020 arm64","hostname":"Tundra.local"}'
      Content-Type:
      - application/x-www-form-urlencoded
      Accept-Encoding:
      - gzip;q=1.0,deflate;q=0.6,identity;q=0.3
      Accept:
      - "*/*"
  response:
    status:
      code: 200
      message: OK
    headers:
      Server:
      - nginx
      Date:
      - Thu, 25 Dec 2025 14:07:08 GMT
      Content-Type:
      - application/json
      Content-Length:
      - '2599'
      Connection:
      - keep-alive
      Access-Control-Allow-Credentials:
      - 'true'
      Access-Control-Allow-Methods:
      - GET, HEAD, PUT, PATCH, POST, DELETE
      Access-Control-Allow-Origin:
      - "*"
      Access-Control-Expose-Headers:
      - Request-Id, Stripe-Manage-Version, Stripe-Should-Retry, X-Stripe-External-Auth-Required,
        X-Stripe-Privileged-Session-Required
      Access-Control-Max-Age:
      - '300'
      Cache-Control:
      - no-cache, no-store
      Content-Security-Policy:
      - base-uri 'none'; default-src 'none'; form-action 'none'; frame-ancestors 'none';
        img-src 'self'; script-src 'self' 'report-sample'; style-src 'self'; worker-src
        'none'; upgrade-insecure-requests; report-uri https://q.stripe.com/csp-violation?q=g7BvUVf54KdcROttIn2OtY5v8tt7gI1USDSHFjve36Dp4m4TTg1k7wN_AaTFCqaSbgGRMMJOGJNlR5eI
      Idempotency-Key:
      - 1766671627-e56e3de9-2a30-483d-9e55-26cc353baaff
      Original-Request:
      - req_kjYgP8U8XwYPG1
      Stripe-Should-Retry:
      - 'false'
      Stripe-Version:
      - "<STRIPE_VERSION>"
      Vary:
      - Origin
      X-Stripe-Priority-Routing-Enabled:
      - 'true'
      X-Stripe-Routing-Context-Priority-Tier:
      - api-testmode
      X-Wc:
      - ABGHIJ
      Strict-Transport-Security:
      - max-age=63072000; includeSubDomains; preload
    body:
      encoding: UTF-8
      string: |-
        {
          "id": "in_1SiFC3H54PcLeqtYqhG9zxn1",
          "object": "invoice",
          "account_country": "CA",
          "account_name": "Onetime.dev",
          "account_tax_ids": null,
          "amount_due": 0,
          "amount_overpaid": 0,
          "amount_paid": 0,
          "amount_remaining": 0,
          "amount_shipping": 0,
          "application": null,
          "attempt_count": 0,
          "attempted": false,
          "auto_advance": false,
          "automatic_tax": {
            "disabled_reason": null,
            "enabled": false,
            "liability": null,
            "provider": null,
            "status": null
          },
          "automatically_finalizes_at": null,
          "billing_reason": "manual",
          "collection_method": "charge_automatically",
          "created": 1766671627,
          "currency": "usd",
          "custom_fields": null,
          "customer": "cus_TfaMvlW8yzX6pE",
          "customer_account": null,
          "customer_address": null,
          "customer_email": "invoice-test@example.com",
          "customer_name": null,
          "customer_phone": null,
          "customer_shipping": null,
          "customer_tax_exempt": "none",
          "customer_tax_ids": [],
          "default_payment_method": null,
          "default_source": null,
          "default_tax_rates": [],
          "description": null,
          "discounts": [],
          "due_date": null,
          "effective_at": null,
          "ending_balance": null,
          "footer": null,
          "from_invoice": null,
          "hosted_invoice_url": null,
          "invoice_pdf": null,
          "issuer": {
            "type": "self"
          },
          "last_finalization_error": null,
          "latest_revision": null,
          "lines": {
            "object": "list",
            "data": [],
            "has_more": false,
            "total_count": 0,
            "url": "/v1/invoices/in_1SiFC3H54PcLeqtYqhG9zxn1/lines"
          },
          "livemode": false,
          "metadata": {},
          "next_payment_attempt": null,
          "number": null,
          "on_behalf_of": null,
          "parent": null,
          "payment_settings": {
            "default_mandate": null,
            "payment_method_options": null,
            "payment_method_types": null
          },
          "period_end": 1766671627,
          "period_start": 1766671627,
          "post_payment_credit_notes_amount": 0,
          "pre_payment_credit_notes_amount": 0,
          "receipt_number": null,
          "rendering": {
            "amount_tax_display": null,
            "pdf": {
              "page_size": "auto"
            },
            "template": null,
            "template_version": null
          },
          "shipping_cost": null,
          "shipping_details": null,
          "starting_balance": 0,
          "statement_descriptor": null,
          "status": "draft",
          "status_transitions": {
            "finalized_at": null,
            "marked_uncollectible_at": null,
            "paid_at": null,
            "voided_at": null
          },
          "subtotal": 0,
          "subtotal_excluding_tax": 0,
          "test_clock": null,
          "total": 0,
          "total_discount_amounts": [],
          "total_excluding_tax": 0,
          "total_pretax_credit_amounts": [],
          "total_taxes": [],
          "webhooks_delivered_at": 1766671627
        }
  recorded_at: Thu, 25 Dec 2025 14:07:07 GMT
- request:
    method: get
    uri: https://api.stripe.com/v1/invoices?limit=10&status=draft
    body:
      encoding: US-ASCII
      string: ''
    headers:
      User-Agent:
      - Stripe/v1 RubyBindings/17.2.0
      Authorization:
      - "<STRIPE_API_KEY>"
      X-Stripe-Client-Telemetry:
      - '{"last_request_metrics":{"request_id":"req_kjYgP8U8XwYPG1","request_duration_ms":349}}'
      Stripe-Version:
      - "<STRIPE_VERSION>"
      X-Stripe-Client-User-Agent:
      - '{"bindings_version":"17.2.0","lang":"ruby","lang_version":"3.4.7 p58 (2025-10-08)","platform":"arm64-darwin25","engine":"ruby","publisher":"stripe","uname":"Darwin
        Tundra.local 25.3.0 Darwin Kernel Version 25.3.0: Fri Dec  5 23:10:12 PST
        2025; root:xnu-12377.80.260.0.1~42/RELEASE_ARM64_T6020 arm64","hostname":"Tundra.local"}'
      Accept-Encoding:
      - gzip;q=1.0,deflate;q=0.6,identity;q=0.3
      Accept:
      - "*/*"
  response:
    status:
      code: 200
      message: OK
    headers:
      Server:
      - nginx
      Date:
      - Thu, 25 Dec 2025 14:07:08 GMT
      Content-Type:
      - application/json
      Content-Length:
      - '30333'
      Connection:
      - keep-alive
      Access-Control-Allow-Credentials:
      - 'true'
      Access-Control-Allow-Methods:
      - GET, HEAD, PUT, PATCH, POST, DELETE
      Access-Control-Allow-Origin:
      - "*"
      Access-Control-Expose-Headers:
      - Request-Id, Stripe-Manage-Version, Stripe-Should-Retry, X-Stripe-External-Auth-Required,
        X-Stripe-Privileged-Session-Required
      Access-Control-Max-Age:
      - '300'
      Cache-Control:
      - no-cache, no-store
      Content-Security-Policy:
      - base-uri 'none'; default-src 'none'; form-action 'none'; frame-ancestors 'none';
        img-src 'self'; script-src 'self' 'report-sample'; style-src 'self'; worker-src
        'none'; upgrade-insecure-requests; report-uri https://q.stripe.com/csp-violation?q=g7BvUVf54KdcROttIn2OtY5v8tt7gI1USDSHFjve36Dp4m4TTg1k7wN_AaTFCqaSbgGRMMJOGJNlR5eI
      Stripe-Version:
      - "<STRIPE_VERSION>"
      Vary:
      - Origin
      X-Stripe-Priority-Routing-Enabled:
      - 'true'
      X-Stripe-Routing-Context-Priority-Tier:
      - api-testmode
      X-Wc:
      - ABGHIJ
      Strict-Transport-Security:
      - max-age=63072000; includeSubDomains; preload
    body:
      encoding: UTF-8
      string: |-
        {
          "object": "list",
          "data": [
            {
              "id": "in_1SiFC3H54PcLeqtYqhG9zxn1",
              "object": "invoice",
              "account_country": "CA",
              "account_name": "Onetime.dev",
              "account_tax_ids": null,
              "amount_due": 0,
              "amount_overpaid": 0,
              "amount_paid": 0,
              "amount_remaining": 0,
              "amount_shipping": 0,
              "application": null,
              "attempt_count": 0,
              "attempted": false,
              "auto_advance": false,
              "automatic_tax": {
                "disabled_reason": null,
                "enabled": false,
                "liability": null,
                "provider": null,
                "status": null
              },
              "automatically_finalizes_at": null,
              "billing_reason": "manual",
              "collection_method": "charge_automatically",
              "created": 1766671627,
              "currency": "usd",
              "custom_fields": null,
              "customer": "cus_TfaMvlW8yzX6pE",
              "customer_account": null,
              "customer_address": null,
              "customer_email": "invoice-test@example.com",
              "customer_name": null,
              "customer_phone": null,
              "customer_shipping": null,
              "customer_tax_exempt": "none",
              "customer_tax_ids": [],
              "default_payment_method": null,
              "default_source": null,
              "default_tax_rates": [],
              "description": null,
              "discounts": [],
              "due_date": null,
              "effective_at": null,
              "ending_balance": null,
              "footer": null,
              "from_invoice": null,
              "hosted_invoice_url": null,
              "invoice_pdf": null,
              "issuer": {
                "type": "self"
              },
              "last_finalization_error": null,
              "latest_revision": null,
              "lines": {
                "object": "list",
                "data": [],
                "has_more": false,
                "total_count": 0,
                "url": "/v1/invoices/in_1SiFC3H54PcLeqtYqhG9zxn1/lines"
              },
              "livemode": false,
              "metadata": {},
              "next_payment_attempt": null,
              "number": null,
              "on_behalf_of": null,
              "parent": null,
              "payment_settings": {
                "default_mandate": null,
                "payment_method_options": null,
                "payment_method_types": null
              },
              "period_end": 1766671627,
              "period_start": 1766671627,
              "post_payment_credit_notes_amount": 0,
              "pre_payment_credit_notes_amount": 0,
              "receipt_number": null,
              "rendering": {
                "amount_tax_display": null,
                "pdf": {
                  "page_size": "auto"
                },
                "template": null,
                "template_version": null
              },
              "shipping_cost": null,
              "shipping_details": null,
              "starting_balance": 0,
              "statement_descriptor": null,
              "status": "draft",
              "status_transitions": {
                "finalized_at": null,
                "marked_uncollectible_at": null,
                "paid_at": null,
                "voided_at": null
              },
              "subtotal": 0,
              "subtotal_excluding_tax": 0,
              "test_clock": null,
              "total": 0,
              "total_discount_amounts": [],
              "total_excluding_tax": 0,
              "total_pretax_credit_amounts": [],
              "total_taxes": [],
              "webhooks_delivered_at": 1766671627
            },
            {
              "id": "in_1SiFBwH54PcLeqtYeVNbIHHD",
              "object": "invoice",
              "account_country": "CA",
              "account_name": "Onetime.dev",
              "account_tax_ids": null,
              "amount_due": 0,
              "amount_overpaid": 0,
              "amount_paid": 0,
              "amount_remaining": 0,
              "amount_shipping": 0,
              "application": null,
              "attempt_count": 0,
              "attempted": false,
              "auto_advance": false,
              "automatic_tax": {
                "disabled_reason": null,
                "enabled": false,
                "liability": null,
                "provider": null,
                "status": null
              },
              "automatically_finalizes_at": null,
              "billing_reason": "manual",
              "collection_method": "charge_automatically",
              "created": 1766671620,
              "currency": "usd",
              "custom_fields": null,
              "customer": "cus_TfaMqSOUagNNWr",
              "customer_account": null,
              "customer_address": null,
              "customer_email": "invoice-test@example.com",
              "customer_name": null,
              "customer_phone": null,
              "customer_shipping": null,
              "customer_tax_exempt": "none",
              "customer_tax_ids": [],
              "default_payment_method": null,
              "default_source": null,
              "default_tax_rates": [],
              "description": null,
              "discounts": [],
              "due_date": null,
              "effective_at": null,
              "ending_balance": null,
              "footer": null,
              "from_invoice": null,
              "hosted_invoice_url": null,
              "invoice_pdf": null,
              "issuer": {
                "type": "self"
              },
              "last_finalization_error": null,
              "latest_revision": null,
              "lines": {
                "object": "list",
                "data": [],
                "has_more": false,
                "total_count": 0,
                "url": "/v1/invoices/in_1SiFBwH54PcLeqtYeVNbIHHD/lines"
              },
              "livemode": false,
              "metadata": {},
              "next_payment_attempt": null,
              "number": null,
              "on_behalf_of": null,
              "parent": null,
              "payment_settings": {
                "default_mandate": null,
                "payment_method_options": null,
                "payment_method_types": null
              },
              "period_end": 1766671620,
              "period_start": 1766671620,
              "post_payment_credit_notes_amount": 0,
              "pre_payment_credit_notes_amount": 0,
              "receipt_number": null,
              "rendering": {
                "amount_tax_display": null,
                "pdf": {
                  "page_size": "auto"
                },
                "template": null,
                "template_version": null
              },
              "shipping_cost": null,
              "shipping_details": null,
              "starting_balance": 0,
              "statement_descriptor": null,
              "status": "draft",
              "status_transitions": {
                "finalized_at": null,
                "marked_uncollectible_at": null,
                "paid_at": null,
                "voided_at": null
              },
              "subtotal": 0,
              "subtotal_excluding_tax": 0,
              "test_clock": null,
              "total": 0,
              "total_discount_amounts": [],
              "total_excluding_tax": 0,
              "total_pretax_credit_amounts": [],
              "total_taxes": [],
              "webhooks_delivered_at": 1766671620
            },
            {
              "id": "in_1SiFBuH54PcLeqtYAKZfBiyN",
              "object": "invoice",
              "account_country": "CA",
              "account_name": "Onetime.dev",
              "account_tax_ids": null,
              "amount_due": 0,
              "amount_overpaid": 0,
              "amount_paid": 0,
              "amount_remaining": 0,
              "amount_shipping": 0,
              "application": null,
              "attempt_count": 0,
              "attempted": false,
              "auto_advance": false,
              "automatic_tax": {
                "disabled_reason": null,
                "enabled": false,
                "liability": null,
                "provider": null,
                "status": null
              },
              "automatically_finalizes_at": null,
              "billing_reason": "manual",
              "collection_method": "charge_automatically",
              "created": 1766671618,
              "currency": "usd",
              "custom_fields": null,
              "customer": "cus_TfaMXUrggqBOFy",
              "customer_account": null,
              "customer_address": null,
              "customer_email": "invoice-test@example.com",
              "customer_name": null,
              "customer_phone": null,
              "customer_shipping": null,
              "customer_tax_exempt": "none",
              "customer_tax_ids": [],
              "default_payment_method": null,
              "default_source": null,
              "default_tax_rates": [],
              "description": null,
              "discounts": [],
              "due_date": null,
              "effective_at": null,
              "ending_balance": null,
              "footer": null,
              "from_invoice": null,
              "hosted_invoice_url": null,
              "invoice_pdf": null,
              "issuer": {
                "type": "self"
              },
              "last_finalization_error": null,
              "latest_revision": null,
              "lines": {
                "object": "list",
                "data": [],
                "has_more": false,
                "total_count": 0,
                "url": "/v1/invoices/in_1SiFBuH54PcLeqtYAKZfBiyN/lines"
              },
              "livemode": false,
              "metadata": {},
              "next_payment_attempt": null,
              "number": null,
              "on_behalf_of": null,
              "parent": null,
              "payment_settings": {
                "default_mandate": null,
                "payment_method_options": null,
                "payment_method_types": null
              },
              "period_end": 1766671618,
              "period_start": 1766671618,
              "post_payment_credit_notes_amount": 0,
              "pre_payment_credit_notes_amount": 0,
              "receipt_number": null,
              "rendering": {
                "amount_tax_display": null,
                "pdf": {
                  "page_size": "auto"
                },
                "template": null,
                "template_version": null
              },
              "shipping_cost": null,
              "shipping_details": null,
              "starting_balance": 0,
              "statement_descriptor": null,
              "status": "draft",
              "status_transitions": {
                "finalized_at": null,
                "marked_uncollectible_at": null,
                "paid_at": null,
                "voided_at": null
              },
              "subtotal": 0,
              "subtotal_excluding_tax": 0,
              "test_clock": null,
              "total": 0,
              "total_discount_amounts": [],
              "total_excluding_tax": 0,
              "total_pretax_credit_amounts": [],
              "total_taxes": [],
              "webhooks_delivered_at": 1766671618
            },
            {
              "id": "in_1SiFBsH54PcLeqtYDzCl2SXr",
              "object": "invoice",
              "account_country": "CA",
              "account_name": "Onetime.dev",
              "account_tax_ids": null,
              "amount_due": 0,
              "amount_overpaid": 0,
              "amount_paid": 0,
              "amount_remaining": 0,
              "amount_shipping": 0,
              "application": null,
              "attempt_count": 0,
              "attempted": false,
              "auto_advance": false,
              "automatic_tax": {
                "disabled_reason": null,
                "enabled": false,
                "liability": null,
                "provider": null,
                "status": null
              },
              "automatically_finalizes_at": null,
              "billing_reason": "manual",
              "collection_method": "charge_automatically",
              "created": 1766671616,
              "currency": "usd",
              "custom_fields": null,
              "customer": "cus_TfaMu4K37WjBZ8",
              "customer_account": null,
              "customer_address": null,
              "customer_email": "invoice-test@example.com",
              "customer_name": null,
              "customer_phone": null,
              "customer_shipping": null,
              "customer_tax_exempt": "none",
              "customer_tax_ids": [],
              "default_payment_method": null,
              "default_source": null,
              "default_tax_rates": [],
              "description": null,
              "discounts": [],
              "due_date": null,
              "effective_at": null,
              "ending_balance": null,
              "footer": null,
              "from_invoice": null,
              "hosted_invoice_url": null,
              "invoice_pdf": null,
              "issuer": {
                "type": "self"
              },
              "last_finalization_error": null,
              "latest_revision": null,
              "lines": {
                "object": "list",
                "data": [],
                "has_more": false,
                "total_count": 0,
                "url": "/v1/invoices/in_1SiFBsH54PcLeqtYDzCl2SXr/lines"
              },
              "livemode": false,
              "metadata": {},
              "next_payment_attempt": null,
              "number": null,
              "on_behalf_of": null,
              "parent": null,
              "payment_settings": {
                "default_mandate": null,
                "payment_method_options": null,
                "payment_method_types": null
              },
              "period_end": 1766671616,
              "period_start": 1766671616,
              "post_payment_credit_notes_amount": 0,
              "pre_payment_credit_notes_amount": 0,
              "receipt_number": null,
              "rendering": {
                "amount_tax_display": null,
                "pdf": {
                  "page_size": "auto"
                },
                "template": null,
                "template_version": null
              },
              "shipping_cost": null,
              "shipping_details": null,
              "starting_balance": 0,
              "statement_descriptor": null,
              "status": "draft",
              "status_transitions": {
                "finalized_at": null,
                "marked_uncollectible_at": null,
                "paid_at": null,
                "voided_at": null
              },
              "subtotal": 0,
              "subtotal_excluding_tax": 0,
              "test_clock": null,
              "total": 0,
              "total_discount_amounts": [],
              "total_excluding_tax": 0,
              "total_pretax_credit_amounts": [],
              "total_taxes": [],
              "webhooks_delivered_at": 1766671616
            },
            {
              "id": "in_1SiFBqH54PcLeqtYaOlnFiVH",
              "object": "invoice",
              "account_country": "CA",
              "account_name": "Onetime.dev",
              "account_tax_ids": null,
              "amount_due": 0,
              "amount_overpaid": 0,
              "amount_paid": 0,
              "amount_remaining": 0,
              "amount_shipping": 0,
              "application": null,
              "attempt_count": 0,
              "attempted": false,
              "auto_advance": false,
              "automatic_tax": {
                "disabled_reason": null,
                "enabled": false,
                "liability": null,
                "provider": null,
                "status": null
              },
              "automatically_finalizes_at": null,
              "billing_reason": "manual",
              "collection_method": "charge_automatically",
              "created": 1766671614,
              "currency": "usd",
              "custom_fields": null,
              "customer": "cus_TfaMlzsTsGI8RH",
              "customer_account": null,
              "customer_address": null,
              "customer_email": "invoice-test@example.com",
              "customer_name": null,
              "customer_phone": null,
              "customer_shipping": null,
              "customer_tax_exempt": "none",
              "customer_tax_ids": [],
              "default_payment_method": null,
              "default_source": null,
              "default_tax_rates": [],
              "description": null,
              "discounts": [],
              "due_date": null,
              "effective_at": null,
              "ending_balance": null,
              "footer": null,
              "from_invoice": null,
              "hosted_invoice_url": null,
              "invoice_pdf": null,
              "issuer": {
                "type": "self"
              },
              "last_finalization_error": null,
              "latest_revision": null,
              "lines": {
                "object": "list",
                "data": [],
                "has_more": false,
                "total_count": 0,
                "url": "/v1/invoices/in_1SiFBqH54PcLeqtYaOlnFiVH/lines"
              },
              "livemode": false,
              "metadata": {},
              "next_payment_attempt": null,
              "number": null,
              "on_behalf_of": null,
              "parent": null,
              "payment_settings": {
                "default_mandate": null,
                "payment_method_options": null,
                "payment_method_types": null
              },
              "period_end": 1766671614,
              "period_start": 1766671614,
              "post_payment_credit_notes_amount": 0,
              "pre_payment_credit_notes_amount": 0,
              "receipt_number": null,
              "rendering": {
                "amount_tax_display": null,
                "pdf": {
                  "page_size": "auto"
                },
                "template": null,
                "template_version": null
              },
              "shipping_cost": null,
              "shipping_details": null,
              "starting_balance": 0,
              "statement_descriptor": null,
              "status": "draft",
              "status_transitions": {
                "finalized_at": null,
                "marked_uncollectible_at": null,
                "paid_at": null,
                "voided_at": null
              },
              "subtotal": 0,
              "subtotal_excluding_tax": 0,
              "test_clock": null,
              "total": 0,
              "total_discount_amounts": [],
              "total_excluding_tax": 0,
              "total_pretax_credit_amounts": [],
              "total_taxes": [],
              "webhooks_delivered_at": 1766671614
            },
            {
              "id": "in_1SiFBmH54PcLeqtYhE4xSgjZ",
              "object": "invoice",
              "account_country": "CA",
              "account_name": "Onetime.dev",
              "account_tax_ids": null,
              "amount_due": 0,
              "amount_overpaid": 0,
              "amount_paid": 0,
              "amount_remaining": 0,
              "amount_shipping": 0,
              "application": null,
              "attempt_count": 0,
              "attempted": false,
              "auto_advance": false,
              "automatic_tax": {
                "disabled_reason": null,
                "enabled": false,
                "liability": null,
                "provider": null,
                "status": null
              },
              "automatically_finalizes_at": null,
              "billing_reason": "manual",
              "collection_method": "charge_automatically",
              "created": 1766671610,
              "currency": "usd",
              "custom_fields": null,
              "customer": "cus_TfaMmH0gaSwoqq",
              "customer_account": null,
              "customer_address": null,
              "customer_email": "invoice-test@example.com",
              "customer_name": null,
              "customer_phone": null,
              "customer_shipping": null,
              "customer_tax_exempt": "none",
              "customer_tax_ids": [],
              "default_payment_method": null,
              "default_source": null,
              "default_tax_rates": [],
              "description": null,
              "discounts": [],
              "due_date": null,
              "effective_at": null,
              "ending_balance": null,
              "footer": null,
              "from_invoice": null,
              "hosted_invoice_url": null,
              "invoice_pdf": null,
              "issuer": {
                "type": "self"
              },
              "last_finalization_error": null,
              "latest_revision": null,
              "lines": {
                "object": "list",
                "data": [],
                "has_more": false,
                "total_count": 0,
                "url": "/v1/invoices/in_1SiFBmH54PcLeqtYhE4xSgjZ/lines"
              },
              "livemode": false,
              "metadata": {},
              "next_payment_attempt": null,
              "number": null,
              "on_behalf_of": null,
              "parent": null,
              "payment_settings": {
                "default_mandate": null,
                "payment_method_options": null,
                "payment_method_types": null
              },
              "period_end": 1766671610,
              "period_start": 1766671610,
              "post_payment_credit_notes_amount": 0,
              "pre_payment_credit_notes_amount": 0,
              "receipt_number": null,
              "rendering": {
                "amount_tax_display": null,
                "pdf": {
                  "page_size": "auto"
                },
                "template": null,
                "template_version": null
              },
              "shipping_cost": null,
              "shipping_details": null,
              "starting_balance": 0,
              "statement_descriptor": null,
              "status": "draft",
              "status_transitions": {
                "finalized_at": null,
                "marked_uncollectible_at": null,
                "paid_at": null,
                "voided_at": null
              },
              "subtotal": 0,
              "subtotal_excluding_tax": 0,
              "test_clock": null,
              "total": 0,
              "total_discount_amounts": [],
              "total_excluding_tax": 0,
              "total_pretax_credit_amounts": [],
              "total_taxes": [],
              "webhooks_delivered_at": 1766671610
            },
            {
              "id": "in_1SiF21H54PcLeqtYMcfA75SC",
              "object": "invoice",
              "account_country": "CA",
              "account_name": "Onetime.dev",
              "account_tax_ids": null,
              "amount_due": 0,
              "amount_overpaid": 0,
              "amount_paid": 0,
              "amount_remaining": 0,
              "amount_shipping": 0,
              "application": null,
              "attempt_count": 0,
              "attempted": false,
              "auto_advance": false,
              "automatic_tax": {
                "disabled_reason": null,
                "enabled": false,
                "liability": null,
                "provider": null,
                "status": null
              },
              "automatically_finalizes_at": null,
              "billing_reason": "manual",
              "collection_method": "charge_automatically",
              "created": 1766671005,
              "currency": "usd",
              "custom_fields": null,
              "customer": "cus_TfaCnl1cfSRHTL",
              "customer_account": null,
              "customer_address": null,
              "customer_email": "invoice-test@example.com",
              "customer_name": null,
              "customer_phone": null,
              "customer_shipping": null,
              "customer_tax_exempt": "none",
              "customer_tax_ids": [],
              "default_payment_method": null,
              "default_source": null,
              "default_tax_rates": [],
              "description": null,
              "discounts": [],
              "due_date": null,
              "effective_at": null,
              "ending_balance": null,
              "footer": null,
              "from_invoice": null,
              "hosted_invoice_url": null,
              "invoice_pdf": null,
              "issuer": {
                "type": "self"
              },
              "last_finalization_error": null,
              "latest_revision": null,
              "lines": {
                "object": "list",
                "data": [],
                "has_more": false,
                "total_count": 0,
                "url": "/v1/invoices/in_1SiF21H54PcLeqtYMcfA75SC/lines"
              },
              "livemode": false,
              "metadata": {},
              "next_payment_attempt": null,
              "number": null,
              "on_behalf_of": null,
              "parent": null,
              "payment_settings": {
                "default_mandate": null,
                "payment_method_options": null,
                "payment_method_types": null
              },
              "period_end": 1766671005,
              "period_start": 1766671005,
              "post_payment_credit_notes_amount": 0,
              "pre_payment_credit_notes_amount": 0,
              "receipt_number": null,
              "rendering": {
                "amount_tax_display": null,
                "pdf": {
                  "page_size": "auto"
                },
                "template": null,
                "template_version": null
              },
              "shipping_cost": null,
              "shipping_details": null,
              "starting_balance": 0,
              "statement_descriptor": null,
              "status": "draft",
              "status_transitions": {
                "finalized_at": null,
                "marked_uncollectible_at": null,
                "paid_at": null,
                "voided_at": null
              },
              "subtotal": 0,
              "subtotal_excluding_tax": 0,
              "test_clock": null,
              "total": 0,
              "total_discount_amounts": [],
              "total_excluding_tax": 0,
              "total_pretax_credit_amounts": [],
              "total_taxes": [],
              "webhooks_delivered_at": 1766671005
            },
            {
              "id": "in_1SiF1xH54PcLeqtYSTIQ1il1",
              "object": "invoice",
              "account_country": "CA",
              "account_name": "Onetime.dev",
              "account_tax_ids": null,
              "amount_due": 0,
              "amount_overpaid": 0,
              "amount_paid": 0,
              "amount_remaining": 0,
              "amount_shipping": 0,
              "application": null,
              "attempt_count": 0,
              "attempted": false,
              "auto_advance": false,
              "automatic_tax": {
                "disabled_reason": null,
                "enabled": false,
                "liability": null,
                "provider": null,
                "status": null
              },
              "automatically_finalizes_at": null,
              "billing_reason": "manual",
              "collection_method": "charge_automatically",
              "created": 1766671001,
              "currency": "usd",
              "custom_fields": null,
              "customer": "cus_TfaCFYCcV1bKH5",
              "customer_account": null,
              "customer_address": null,
              "customer_email": "invoice-test@example.com",
              "customer_name": null,
              "customer_phone": null,
              "customer_shipping": null,
              "customer_tax_exempt": "none",
              "customer_tax_ids": [],
              "default_payment_method": null,
              "default_source": null,
              "default_tax_rates": [],
              "description": null,
              "discounts": [],
              "due_date": null,
              "effective_at": null,
              "ending_balance": null,
              "footer": null,
              "from_invoice": null,
              "hosted_invoice_url": null,
              "invoice_pdf": null,
              "issuer": {
                "type": "self"
              },
              "last_finalization_error": null,
              "latest_revision": null,
              "lines": {
                "object": "list",
                "data": [],
                "has_more": false,
                "total_count": 0,
                "url": "/v1/invoices/in_1SiF1xH54PcLeqtYSTIQ1il1/lines"
              },
              "livemode": false,
              "metadata": {},
              "next_payment_attempt": null,
              "number": null,
              "on_behalf_of": null,
              "parent": null,
              "payment_settings": {
                "default_mandate": null,
                "payment_method_options": null,
                "payment_method_types": null
              },
              "period_end": 1766671001,
              "period_start": 1766671001,
              "post_payment_credit_notes_amount": 0,
              "pre_payment_credit_notes_amount": 0,
              "receipt_number": null,
              "rendering": {
                "amount_tax_display": null,
                "pdf": {
                  "page_size": "auto"
                },
                "template": null,
                "template_version": null
              },
              "shipping_cost": null,
              "shipping_details": null,
              "starting_balance": 0,
              "statement_descriptor": null,
              "status": "draft",
              "status_transitions": {
                "finalized_at": null,
                "marked_uncollectible_at": null,
                "paid_at": null,
                "voided_at": null
              },
              "subtotal": 0,
              "subtotal_excluding_tax": 0,
              "test_clock": null,
              "total": 0,
              "total_discount_amounts": [],
              "total_excluding_tax": 0,
              "total_pretax_credit_amounts": [],
              "total_taxes": [],
              "webhooks_delivered_at": 1766671001
            },
            {
              "id": "in_1SiF1vH54PcLeqtYnyHby08l",
              "object": "invoice",
              "account_country": "CA",
              "account_name": "Onetime.dev",
              "account_tax_ids": null,
              "amount_due": 0,
              "amount_overpaid": 0,
              "amount_paid": 0,
              "amount_remaining": 0,
              "amount_shipping": 0,
              "application": null,
              "attempt_count": 0,
              "attempted": false,
              "auto_advance": false,
              "automatic_tax": {
                "disabled_reason": null,
                "enabled": false,
                "liability": null,
                "provider": null,
                "status": null
              },
              "automatically_finalizes_at": null,
              "billing_reason": "manual",
              "collection_method": "charge_automatically",
              "created": 1766670999,
              "currency": "usd",
              "custom_fields": null,
              "customer": "cus_TfaCDBZwnVxCaQ",
              "customer_account": null,
              "customer_address": null,
              "customer_email": "invoice-test@example.com",
              "customer_name": null,
              "customer_phone": null,
              "customer_shipping": null,
              "customer_tax_exempt": "none",
              "customer_tax_ids": [],
              "default_payment_method": null,
              "default_source": null,
              "default_tax_rates": [],
              "description": null,
              "discounts": [],
              "due_date": null,
              "effective_at": null,
              "ending_balance": null,
              "footer": null,
              "from_invoice": null,
              "hosted_invoice_url": null,
              "invoice_pdf": null,
              "issuer": {
                "type": "self"
              },
              "last_finalization_error": null,
              "latest_revision": null,
              "lines": {
                "object": "list",
                "data": [],
                "has_more": false,
                "total_count": 0,
                "url": "/v1/invoices/in_1SiF1vH54PcLeqtYnyHby08l/lines"
              },
              "livemode": false,
              "metadata": {},
              "next_payment_attempt": null,
              "number": null,
              "on_behalf_of": null,
              "parent": null,
              "payment_settings": {
                "default_mandate": null,
                "payment_method_options": null,
                "payment_method_types": null
              },
              "period_end": 1766670999,
              "period_start": 1766670999,
              "post_payment_credit_notes_amount": 0,
              "pre_payment_credit_notes_amount": 0,
              "receipt_number": null,
              "rendering": {
                "amount_tax_display": null,
                "pdf": {
                  "page_size": "auto"
                },
                "template": null,
                "template_version": null
              },
              "shipping_cost": null,
              "shipping_details": null,
              "starting_balance": 0,
              "statement_descriptor": null,
              "status": "draft",
              "status_transitions": {
                "finalized_at": null,
                "marked_uncollectible_at": null,
                "paid_at": null,
                "voided_at": null
              },
              "subtotal": 0,
              "subtotal_excluding_tax": 0,
              "test_clock": null,
              "total": 0,
              "total_discount_amounts": [],
              "total_excluding_tax": 0,
              "total_pretax_credit_amounts": [],
              "total_taxes": [],
              "webhooks_delivered_at": 1766670999
            },
            {
              "id": "in_1SiF1tH54PcLeqtYCgpWQXJj",
              "object": "invoice",
              "account_country": "CA",
              "account_name": "Onetime.dev",
              "account_tax_ids": null,
              "amount_due": 0,
              "amount_overpaid": 0,
              "amount_paid": 0,
              "amount_remaining": 0,
              "amount_shipping": 0,
              "application": null,
              "attempt_count": 0,
              "attempted": false,
              "auto_advance": false,
              "automatic_tax": {
                "disabled_reason": null,
                "enabled": false,
                "liability": null,
                "provider": null,
                "status": null
              },
              "automatically_finalizes_at": null,
              "billing_reason": "manual",
              "collection_method": "charge_automatically",
              "created": 1766670997,
              "currency": "usd",
              "custom_fields": null,
              "customer": "cus_TfaC9a2yTaqbb8",
              "customer_account": null,
              "customer_address": null,
              "customer_email": "invoice-test@example.com",
              "customer_name": null,
              "customer_phone": null,
              "customer_shipping": null,
              "customer_tax_exempt": "none",
              "customer_tax_ids": [],
              "default_payment_method": null,
              "default_source": null,
              "default_tax_rates": [],
              "description": null,
              "discounts": [],
              "due_date": null,
              "effective_at": null,
              "ending_balance": null,
              "footer": null,
              "from_invoice": null,
              "hosted_invoice_url": null,
              "invoice_pdf": null,
              "issuer": {
                "type": "self"
              },
              "last_finalization_error": null,
              "latest_revision": null,
              "lines": {
                "object": "list",
                "data": [],
                "has_more": false,
                "total_count": 0,
                "url": "/v1/invoices/in_1SiF1tH54PcLeqtYCgpWQXJj/lines"
              },
              "livemode": false,
              "metadata": {},
              "next_payment_attempt": null,
              "number": null,
              "on_behalf_of": null,
              "parent": null,
              "payment_settings": {
                "default_mandate": null,
                "payment_method_options": null,
                "payment_method_types": null
              },
              "period_end": 1766670997,
              "period_start": 1766670997,
              "post_payment_credit_notes_amount": 0,
              "pre_payment_credit_notes_amount": 0,
              "receipt_number": null,
              "rendering": {
                "amount_tax_display": null,
                "pdf": {
                  "page_size": "auto"
                },
                "template": null,
                "template_version": null
              },
              "shipping_cost": null,
              "shipping_details": null,
              "starting_balance": 0,
              "statement_descriptor": null,
              "status": "draft",
              "status_transitions": {
                "finalized_at": null,
                "marked_uncollectible_at": null,
                "paid_at": null,
                "voided_at": null
              },
              "subtotal": 0,
              "subtotal_excluding_tax": 0,
              "test_clock": null,
              "total": 0,
              "total_discount_amounts": [],
              "total_excluding_tax": 0,
              "total_pretax_credit_amounts": [],
              "total_taxes": [],
              "webhooks_delivered_at": 1766670997
            }
          ],
          "has_more": true,
          "url": "/v1/invoices"
        }
  recorded_at: Thu, 25 Dec 2025 14:07:08 GMT
- request:
    method: delete
    uri: https://api.stripe.com/v1/customers/cus_TfaMvlW8yzX6pE
    body:
      encoding: US-ASCII
      string: ''
    headers:
      User-Agent:
      - Stripe/v1 RubyBindings/17.2.0
      Authorization:
      - "<STRIPE_API_KEY>"
      X-Stripe-Client-Telemetry:
      - '{"last_request_metrics":{"request_id":"req_iSMvQEYpehNTMz","request_duration_ms":326}}'
      Stripe-Version:
      - "<STRIPE_VERSION>"
      X-Stripe-Client-User-Agent:
      - '{"bindings_version":"17.2.0","lang":"ruby","lang_version":"3.4.7 p58 (2025-10-08)","platform":"arm64-darwin25","engine":"ruby","publisher":"stripe","uname":"Darwin
        Tundra.local 25.3.0 Darwin Kernel Version 25.3.0: Fri Dec  5 23:10:12 PST
        2025; root:xnu-12377.80.260.0.1~42/RELEASE_ARM64_T6020 arm64","hostname":"Tundra.local"}'
      Accept-Encoding:
      - gzip;q=1.0,deflate;q=0.6,identity;q=0.3
      Accept:
      - "*/*"
  response:
    status:
      code: 200
      message: OK
    headers:
      Server:
      - nginx
      Date:
      - Thu, 25 Dec 2025 14:07:08 GMT
      Content-Type:
      - application/json
      Content-Length:
      - '75'
      Connection:
      - keep-alive
      Access-Control-Allow-Credentials:
      - 'true'
      Access-Control-Allow-Methods:
      - GET, HEAD, PUT, PATCH, POST, DELETE
      Access-Control-Allow-Origin:
      - "*"
      Access-Control-Expose-Headers:
      - Request-Id, Stripe-Manage-Version, Stripe-Should-Retry, X-Stripe-External-Auth-Required,
        X-Stripe-Privileged-Session-Required
      Access-Control-Max-Age:
      - '300'
      Cache-Control:
      - no-cache, no-store
      Content-Security-Policy:
      - base-uri 'none'; default-src 'none'; form-action 'none'; frame-ancestors 'none';
        img-src 'self'; script-src 'self' 'report-sample'; style-src 'self'; worker-src
        'none'; upgrade-insecure-requests; report-uri https://q.stripe.com/csp-violation?q=g7BvUVf54KdcROttIn2OtY5v8tt7gI1USDSHFjve36Dp4m4TTg1k7wN_AaTFCqaSbgGRMMJOGJNlR5eI
      Stripe-Version:
      - "<STRIPE_VERSION>"
      Vary:
      - Origin
      X-Stripe-Priority-Routing-Enabled:
      - 'true'
      X-Stripe-Routing-Context-Priority-Tier:
      - api-testmode
      X-Wc:
      - ABGHIJ
      Strict-Transport-Security:
      - max-age=63072000; includeSubDomains; preload
    body:
      encoding: UTF-8
      string: |-
        {
          "id": "cus_TfaMvlW8yzX6pE",
          "object": "customer",
          "deleted": true
        }
  recorded_at: Thu, 25 Dec 2025 14:07:08 GMT
recorded_with: VCR 6.3.1
