---
http_interactions:
- request:
    method: post
    uri: https://api.stripe.com/v1/customers
    body:
      encoding: UTF-8
      string: email=sub-test%40example.com
    headers:
      User-Agent:
      - Stripe/v1 RubyBindings/17.2.0
      Authorization:
      - "<STRIPE_API_KEY>"
      Idempotency-Key:
      - 1766643239-707ff106-5a55-42d4-9b79-b43bf6488e32
      Stripe-Version:
      - "<STRIPE_VERSION>"
      X-Stripe-Client-User-Agent:
      - '{"bindings_version":"17.2.0","lang":"ruby","lang_version":"3.4.7 p58 (2025-10-08)","platform":"arm64-darwin25","engine":"ruby","publisher":"stripe","uname":"Darwin
        Tundra.local 25.3.0 Darwin Kernel Version 25.3.0: Fri Dec  5 23:10:12 PST
        2025; root:xnu-12377.80.260.0.1~42/RELEASE_ARM64_T6020 arm64","hostname":"Tundra.local"}'
      Content-Type:
      - application/x-www-form-urlencoded
      Accept-Encoding:
      - gzip;q=1.0,deflate;q=0.6,identity;q=0.3
      Accept:
      - "*/*"
  response:
    status:
      code: 200
      message: OK
    headers:
      Server:
      - nginx
      Date:
      - Thu, 25 Dec 2025 06:14:00 GMT
      Content-Type:
      - application/json
      Content-Length:
      - '660'
      Connection:
      - keep-alive
      Access-Control-Allow-Credentials:
      - 'true'
      Access-Control-Allow-Methods:
      - GET, HEAD, PUT, PATCH, POST, DELETE
      Access-Control-Allow-Origin:
      - "*"
      Access-Control-Expose-Headers:
      - Request-Id, Stripe-Manage-Version, Stripe-Should-Retry, X-Stripe-External-Auth-Required,
        X-Stripe-Privileged-Session-Required
      Access-Control-Max-Age:
      - '300'
      Cache-Control:
      - no-cache, no-store
      Content-Security-Policy:
      - base-uri 'none'; default-src 'none'; form-action 'none'; frame-ancestors 'none';
        img-src 'self'; script-src 'self' 'report-sample'; style-src 'self'; worker-src
        'none'; upgrade-insecure-requests; report-uri https://q.stripe.com/csp-violation?q=zG7o83gUbtkelk3G08fPz0Ch-6R-V_QAu29mLBvIQfLbgDlnIov181xOPObE1nJttU6jPvJR2a_sxmNb
      Idempotency-Key:
      - 1766643239-707ff106-5a55-42d4-9b79-b43bf6488e32
      Original-Request:
      - req_IO4FM1ZaGpdGO2
      Stripe-Should-Retry:
      - 'false'
      Stripe-Version:
      - "<STRIPE_VERSION>"
      Vary:
      - Origin
      X-Stripe-Priority-Routing-Enabled:
      - 'true'
      X-Stripe-Routing-Context-Priority-Tier:
      - api-testmode
      X-Wc:
      - ABGHIJ
      Strict-Transport-Security:
      - max-age=63072000; includeSubDomains; preload
    body:
      encoding: UTF-8
      string: |-
        {
          "id": "cus_TfSjzqKmL2GvKT",
          "object": "customer",
          "address": null,
          "balance": 0,
          "created": 1766643240,
          "currency": null,
          "customer_account": null,
          "default_source": null,
          "delinquent": false,
          "description": null,
          "discount": null,
          "email": "sub-test@example.com",
          "invoice_prefix": "KUSPWIFS",
          "invoice_settings": {
            "custom_fields": null,
            "default_payment_method": null,
            "footer": null,
            "rendering_options": null
          },
          "livemode": false,
          "metadata": {},
          "name": null,
          "next_invoice_sequence": 1,
          "phone": null,
          "preferred_locales": [],
          "shipping": null,
          "tax_exempt": "none",
          "test_clock": null
        }
  recorded_at: Thu, 25 Dec 2025 06:14:00 GMT
- request:
    method: post
    uri: https://api.stripe.com/v1/products
    body:
      encoding: UTF-8
      string: name=Test+Product+1766643240
    headers:
      User-Agent:
      - Stripe/v1 RubyBindings/17.2.0
      Authorization:
      - "<STRIPE_API_KEY>"
      X-Stripe-Client-Telemetry:
      - '{"last_request_metrics":{"request_id":"req_IO4FM1ZaGpdGO2","request_duration_ms":893}}'
      Idempotency-Key:
      - 1766643240-9b6fb1b2-6d35-4444-ad15-aee1a9dc5453
      Stripe-Version:
      - "<STRIPE_VERSION>"
      X-Stripe-Client-User-Agent:
      - '{"bindings_version":"17.2.0","lang":"ruby","lang_version":"3.4.7 p58 (2025-10-08)","platform":"arm64-darwin25","engine":"ruby","publisher":"stripe","uname":"Darwin
        Tundra.local 25.3.0 Darwin Kernel Version 25.3.0: Fri Dec  5 23:10:12 PST
        2025; root:xnu-12377.80.260.0.1~42/RELEASE_ARM64_T6020 arm64","hostname":"Tundra.local"}'
      Content-Type:
      - application/x-www-form-urlencoded
      Accept-Encoding:
      - gzip;q=1.0,deflate;q=0.6,identity;q=0.3
      Accept:
      - "*/*"
  response:
    status:
      code: 200
      message: OK
    headers:
      Server:
      - nginx
      Date:
      - Thu, 25 Dec 2025 06:14:00 GMT
      Content-Type:
      - application/json
      Content-Length:
      - '473'
      Connection:
      - keep-alive
      Access-Control-Allow-Credentials:
      - 'true'
      Access-Control-Allow-Methods:
      - GET, HEAD, PUT, PATCH, POST, DELETE
      Access-Control-Allow-Origin:
      - "*"
      Access-Control-Expose-Headers:
      - Request-Id, Stripe-Manage-Version, Stripe-Should-Retry, X-Stripe-External-Auth-Required,
        X-Stripe-Privileged-Session-Required
      Access-Control-Max-Age:
      - '300'
      Cache-Control:
      - no-cache, no-store
      Content-Security-Policy:
      - base-uri 'none'; default-src 'none'; form-action 'none'; frame-ancestors 'none';
        img-src 'self'; script-src 'self' 'report-sample'; style-src 'self'; worker-src
        'none'; upgrade-insecure-requests; report-uri https://q.stripe.com/csp-violation?q=zG7o83gUbtkelk3G08fPz0Ch-6R-V_QAu29mLBvIQfLbgDlnIov181xOPObE1nJttU6jPvJR2a_sxmNb
      Idempotency-Key:
      - 1766643240-9b6fb1b2-6d35-4444-ad15-aee1a9dc5453
      Original-Request:
      - req_KEtqNJyvbGAP7b
      Stripe-Should-Retry:
      - 'false'
      Stripe-Version:
      - "<STRIPE_VERSION>"
      Vary:
      - Origin
      X-Stripe-Priority-Routing-Enabled:
      - 'true'
      X-Stripe-Routing-Context-Priority-Tier:
      - api-testmode
      X-Wc:
      - ABGHIJ
      Strict-Transport-Security:
      - max-age=63072000; includeSubDomains; preload
    body:
      encoding: UTF-8
      string: |-
        {
          "id": "prod_TfSjL5oHbVxhAP",
          "object": "product",
          "active": true,
          "attributes": [],
          "created": 1766643240,
          "default_price": null,
          "description": null,
          "images": [],
          "livemode": false,
          "marketing_features": [],
          "metadata": {},
          "name": "Test Product 1766643240",
          "package_dimensions": null,
          "shippable": null,
          "statement_descriptor": null,
          "tax_code": null,
          "type": "service",
          "unit_label": null,
          "updated": 1766643240,
          "url": null
        }
  recorded_at: Thu, 25 Dec 2025 06:14:00 GMT
- request:
    method: post
    uri: https://api.stripe.com/v1/prices
    body:
      encoding: UTF-8
      string: unit_amount=2000&currency=usd&recurring[interval]=month&product=prod_TfSjL5oHbVxhAP
    headers:
      User-Agent:
      - Stripe/v1 RubyBindings/17.2.0
      Authorization:
      - "<STRIPE_API_KEY>"
      X-Stripe-Client-Telemetry:
      - '{"last_request_metrics":{"request_id":"req_KEtqNJyvbGAP7b","request_duration_ms":359}}'
      Idempotency-Key:
      - 1766643240-234ace8e-e565-42b3-a4a6-040c8c37ac95
      Stripe-Version:
      - "<STRIPE_VERSION>"
      X-Stripe-Client-User-Agent:
      - '{"bindings_version":"17.2.0","lang":"ruby","lang_version":"3.4.7 p58 (2025-10-08)","platform":"arm64-darwin25","engine":"ruby","publisher":"stripe","uname":"Darwin
        Tundra.local 25.3.0 Darwin Kernel Version 25.3.0: Fri Dec  5 23:10:12 PST
        2025; root:xnu-12377.80.260.0.1~42/RELEASE_ARM64_T6020 arm64","hostname":"Tundra.local"}'
      Content-Type:
      - application/x-www-form-urlencoded
      Accept-Encoding:
      - gzip;q=1.0,deflate;q=0.6,identity;q=0.3
      Accept:
      - "*/*"
  response:
    status:
      code: 200
      message: OK
    headers:
      Server:
      - nginx
      Date:
      - Thu, 25 Dec 2025 06:14:01 GMT
      Content-Type:
      - application/json
      Content-Length:
      - '623'
      Connection:
      - keep-alive
      Access-Control-Allow-Credentials:
      - 'true'
      Access-Control-Allow-Methods:
      - GET, HEAD, PUT, PATCH, POST, DELETE
      Access-Control-Allow-Origin:
      - "*"
      Access-Control-Expose-Headers:
      - Request-Id, Stripe-Manage-Version, Stripe-Should-Retry, X-Stripe-External-Auth-Required,
        X-Stripe-Privileged-Session-Required
      Access-Control-Max-Age:
      - '300'
      Cache-Control:
      - no-cache, no-store
      Content-Security-Policy:
      - base-uri 'none'; default-src 'none'; form-action 'none'; frame-ancestors 'none';
        img-src 'self'; script-src 'self' 'report-sample'; style-src 'self'; worker-src
        'none'; upgrade-insecure-requests; report-uri https://q.stripe.com/csp-violation?q=zG7o83gUbtkelk3G08fPz0Ch-6R-V_QAu29mLBvIQfLbgDlnIov181xOPObE1nJttU6jPvJR2a_sxmNb
      Idempotency-Key:
      - 1766643240-234ace8e-e565-42b3-a4a6-040c8c37ac95
      Original-Request:
      - req_6B6e26cx5d8YDp
      Stripe-Should-Retry:
      - 'false'
      Stripe-Version:
      - "<STRIPE_VERSION>"
      Vary:
      - Origin
      X-Stripe-Priority-Routing-Enabled:
      - 'true'
      X-Stripe-Routing-Context-Priority-Tier:
      - api-testmode
      X-Wc:
      - ABGHIJ
      Strict-Transport-Security:
      - max-age=63072000; includeSubDomains; preload
    body:
      encoding: UTF-8
      string: |-
        {
          "id": "price_1Si7oCH54PcLeqtYMhRnMsAy",
          "object": "price",
          "active": true,
          "billing_scheme": "per_unit",
          "created": 1766643240,
          "currency": "usd",
          "custom_unit_amount": null,
          "livemode": false,
          "lookup_key": null,
          "metadata": {},
          "nickname": null,
          "product": "prod_TfSjL5oHbVxhAP",
          "recurring": {
            "interval": "month",
            "interval_count": 1,
            "meter": null,
            "trial_period_days": null,
            "usage_type": "licensed"
          },
          "tax_behavior": "unspecified",
          "tiers_mode": null,
          "transform_quantity": null,
          "type": "recurring",
          "unit_amount": 2000,
          "unit_amount_decimal": "2000"
        }
  recorded_at: Thu, 25 Dec 2025 06:14:01 GMT
- request:
    method: post
    uri: https://api.stripe.com/v1/subscriptions
    body:
      encoding: UTF-8
      string: customer=cus_TfSjzqKmL2GvKT&items[0][price]=price_1Si7oCH54PcLeqtYMhRnMsAy
    headers:
      User-Agent:
      - Stripe/v1 RubyBindings/17.2.0
      Authorization:
      - "<STRIPE_API_KEY>"
      X-Stripe-Client-Telemetry:
      - '{"last_request_metrics":{"request_id":"req_6B6e26cx5d8YDp","request_duration_ms":364}}'
      Idempotency-Key:
      - 1766643241-22f02f3c-80d9-44d0-a4c0-8022d3a065a8
      Stripe-Version:
      - "<STRIPE_VERSION>"
      X-Stripe-Client-User-Agent:
      - '{"bindings_version":"17.2.0","lang":"ruby","lang_version":"3.4.7 p58 (2025-10-08)","platform":"arm64-darwin25","engine":"ruby","publisher":"stripe","uname":"Darwin
        Tundra.local 25.3.0 Darwin Kernel Version 25.3.0: Fri Dec  5 23:10:12 PST
        2025; root:xnu-12377.80.260.0.1~42/RELEASE_ARM64_T6020 arm64","hostname":"Tundra.local"}'
      Content-Type:
      - application/x-www-form-urlencoded
      Accept-Encoding:
      - gzip;q=1.0,deflate;q=0.6,identity;q=0.3
      Accept:
      - "*/*"
  response:
    status:
      code: 400
      message: Bad Request
    headers:
      Server:
      - nginx
      Date:
      - Thu, 25 Dec 2025 06:14:02 GMT
      Content-Type:
      - application/json
      Content-Length:
      - '519'
      Connection:
      - keep-alive
      Access-Control-Allow-Credentials:
      - 'true'
      Access-Control-Allow-Methods:
      - GET, HEAD, PUT, PATCH, POST, DELETE
      Access-Control-Allow-Origin:
      - "*"
      Access-Control-Expose-Headers:
      - Request-Id, Stripe-Manage-Version, Stripe-Should-Retry, X-Stripe-External-Auth-Required,
        X-Stripe-Privileged-Session-Required
      Access-Control-Max-Age:
      - '300'
      Cache-Control:
      - no-cache, no-store
      Content-Security-Policy:
      - base-uri 'none'; default-src 'none'; form-action 'none'; frame-ancestors 'none';
        img-src 'self'; script-src 'self' 'report-sample'; style-src 'self'; worker-src
        'none'; upgrade-insecure-requests; report-uri https://q.stripe.com/csp-violation?q=zG7o83gUbtkelk3G08fPz0Ch-6R-V_QAu29mLBvIQfLbgDlnIov181xOPObE1nJttU6jPvJR2a_sxmNb
      Idempotency-Key:
      - 1766643241-22f02f3c-80d9-44d0-a4c0-8022d3a065a8
      Original-Request:
      - req_J4vVwCVbzRzO1w
      Stripe-Should-Retry:
      - 'false'
      Stripe-Version:
      - "<STRIPE_VERSION>"
      Vary:
      - Origin
      X-Stripe-Priority-Routing-Enabled:
      - 'true'
      X-Stripe-Routing-Context-Priority-Tier:
      - api-testmode
      X-Wc:
      - ABGHIJ
      Strict-Transport-Security:
      - max-age=63072000; includeSubDomains; preload
    body:
      encoding: UTF-8
      string: |
        {
          "error": {
            "code": "resource_missing",
            "doc_url": "https://stripe.com/docs/error-codes/resource-missing",
            "message": "This customer has no attached payment source or default payment method. Please consider adding a default payment method. For more information, visit https://stripe.com/docs/billing/subscriptions/payment-methods-setting#payment-method-priority.",
            "request_log_url": "https://dashboard.stripe.com/test/logs/req_J4vVwCVbzRzO1w?t=1766643241",
            "type": "invalid_request_error"
          }
        }
  recorded_at: Thu, 25 Dec 2025 06:14:02 GMT
recorded_with: VCR 6.3.1
